Component: ARM Compiler 5.06 update 6 (build 750) Tool: armlink [4d35ed]

==============================================================================

Section Cross References

    startup_stm32f072xb.o(STACK) refers (Special) to heapauxi.o(.text) for __use_two_region_memory
    startup_stm32f072xb.o(HEAP) refers (Special) to heapauxi.o(.text) for __use_two_region_memory
    startup_stm32f072xb.o(RESET) refers (Special) to heapauxi.o(.text) for __use_two_region_memory
    startup_stm32f072xb.o(RESET) refers to startup_stm32f072xb.o(STACK) for __initial_sp
    startup_stm32f072xb.o(RESET) refers to startup_stm32f072xb.o(.text) for Reset_Handler
    startup_stm32f072xb.o(RESET) refers to stm32f0xx_it.o(i.NMI_Handler) for NMI_Handler
    startup_stm32f072xb.o(RESET) refers to stm32f0xx_it.o(i.HardFault_Handler) for HardFault_Handler
    startup_stm32f072xb.o(RESET) refers to stm32f0xx_it.o(i.SVC_Handler) for SVC_Handler
    startup_stm32f072xb.o(RESET) refers to stm32f0xx_it.o(i.PendSV_Handler) for PendSV_Handler
    startup_stm32f072xb.o(RESET) refers to stm32f0xx_it.o(i.SysTick_Handler) for SysTick_Handler
    startup_stm32f072xb.o(RESET) refers to stm32f0xx_it.o(i.DMA1_Channel1_IRQHandler) for DMA1_Channel1_IRQHandler
    startup_stm32f072xb.o(RESET) refers to stm32f0xx_it.o(i.DMA1_Channel2_3_IRQHandler) for DMA1_Channel2_3_IRQHandler
    startup_stm32f072xb.o(RESET) refers to stm32f0xx_it.o(i.DMA1_Channel4_5_6_7_IRQHandler) for DMA1_Channel4_5_6_7_IRQHandler
    startup_stm32f072xb.o(.text) refers (Special) to heapauxi.o(.text) for __use_two_region_memory
    startup_stm32f072xb.o(.text) refers to system_stm32f0xx.o(i.SystemInit) for SystemInit
    startup_stm32f072xb.o(.text) refers to __main.o(!!!main) for __main
    startup_stm32f072xb.o(.text) refers to startup_stm32f072xb.o(HEAP) for Heap_Mem
    startup_stm32f072xb.o(.text) refers to startup_stm32f072xb.o(STACK) for Stack_Mem
    main.o(i.Auto_Mode) refers to ffixi.o(.text) for __aeabi_f2iz
    main.o(i.Auto_Mode) refers to main.o(i.set_motor_speed_inchps_with_acc) for set_motor_speed_inchps_with_acc
    main.o(i.Auto_Mode) refers to ffixui.o(.text) for __aeabi_f2uiz
    main.o(i.Auto_Mode) refers to faddsub.o(x$fpl$fsub) for __aeabi_fsub
    main.o(i.Auto_Mode) refers to fdiv.o(.text) for __aeabi_fdiv
    main.o(i.Auto_Mode) refers to main.o(i.isElapsedTime) for isElapsedTime
    main.o(i.Auto_Mode) refers to fflti.o(.text) for __aeabi_i2f
    main.o(i.Auto_Mode) refers to fmul.o(x$fpl$fmul) for __aeabi_fmul
    main.o(i.Auto_Mode) refers to main.o(.data) for .data
    main.o(i.Auto_Mode) refers to main.o(.bss) for .bss
    main.o(i.Auto_Mode) refers to ui.o(.data) for startBtnStatus
    main.o(i.Compute_Actual_Movement) refers to main.o(i.isElapsedTime) for isElapsedTime
    main.o(i.Compute_Actual_Movement) refers to fflti.o(.text) for __aeabi_ui2f
    main.o(i.Compute_Actual_Movement) refers to fdiv.o(.text) for __aeabi_fdiv
    main.o(i.Compute_Actual_Movement) refers to fmul.o(x$fpl$fmul) for __aeabi_fmul
    main.o(i.Compute_Actual_Movement) refers to f2d.o(.text) for __aeabi_f2d
    main.o(i.Compute_Actual_Movement) refers to dmul.o(.text) for __aeabi_dmul
    main.o(i.Compute_Actual_Movement) refers to dfixi.o(.text) for __aeabi_d2iz
    main.o(i.Compute_Actual_Movement) refers to dflti.o(.text) for __aeabi_i2d
    main.o(i.Compute_Actual_Movement) refers to ddiv.o(.text) for __aeabi_ddiv
    main.o(i.Compute_Actual_Movement) refers to main.o(.data) for .data
    main.o(i.Compute_Actual_Movement) refers to main.o(.bss) for .bss
    main.o(i.Compute_Execution_Time) refers to llsdiv.o(.text) for __aeabi_ldivmod
    main.o(i.Compute_Execution_Time) refers to aeabi_sdiv.o(.text) for __aeabi_uidivmod
    main.o(i.Compute_Execution_Time) refers to main.o(.data) for .data
    main.o(i.Handle_Message) refers to main.o(i.__ARM_common_switch8) for __ARM_common_switch8
    main.o(i.Handle_Message) refers to fflti.o(.text) for __aeabi_ui2f
    main.o(i.Handle_Message) refers to hmi.o(i.WritePage_to_HMI) for WritePage_to_HMI
    main.o(i.Handle_Message) refers to hmi.o(i.Write_Parameters_To_HMI) for Write_Parameters_To_HMI
    main.o(i.Handle_Message) refers to ffixi.o(.text) for __aeabi_f2iz
    main.o(i.Handle_Message) refers to hmi.o(i.Write_AutoModeTimeInterval_Background_to_HMI) for Write_AutoModeTimeInterval_Background_to_HMI
    main.o(i.Handle_Message) refers to main.o(.data) for .data
    main.o(i.Handle_Message) refers to main.o(.bss) for .bss
    main.o(i.Handle_Message) refers to ui.o(.data) for upBtnStatus
    main.o(i.MX_ADC_Init) refers to stm32f0xx_hal_adc.o(i.HAL_ADC_Init) for HAL_ADC_Init
    main.o(i.MX_ADC_Init) refers to stm32f0xx_hal_adc.o(i.HAL_ADC_ConfigChannel) for HAL_ADC_ConfigChannel
    main.o(i.MX_ADC_Init) refers to main.o(.bss) for .bss
    main.o(i.MX_GPIO_Init) refers to rt_memclr.o(.text) for __aeabi_memclr4
    main.o(i.MX_GPIO_Init) refers to stm32f0xx_hal_gpio.o(i.HAL_GPIO_Init) for HAL_GPIO_Init
[...]
    i.PendSV_Handler                         0x08003cf2   Section        0  stm32f0xx_it.o(i.PendSV_Handler)
    i.SVC_Handler                            0x08003cf4   Section        0  stm32f0xx_it.o(i.SVC_Handler)
    i.Set_Auto_Mode_Hours                    0x08003cf8   Section        0  ui.o(i.Set_Auto_Mode_Hours)
    i.Set_Auto_Mode_Minutess                 0x08003d9c   Section        0  ui.o(i.Set_Auto_Mode_Minutess)
    i.Set_Auto_Mode_Seconds                  0x08003e44   Section        0  ui.o(i.Set_Auto_Mode_Seconds)
    i.Set_Main_Parameters                    0x08003ee8   Section        0  ui.o(i.Set_Main_Parameters)
    i.Set_Parameters                         0x08003fd0   Section        0  ui.o(i.Set_Parameters)
    i.Single_Add_Minus_Advanced_settings     0x08003fe4   Section        0  ui.o(i.Single_Add_Minus_Advanced_settings)
    i.SysTick_Handler                        0x0800403c   Section        0  stm32f0xx_it.o(i.SysTick_Handler)
    i.SystemClock_Config                     0x08004044   Section        0  main.o(i.SystemClock_Config)
    i.SystemInit                             0x080040c0   Section        0  system_stm32f0xx.o(i.SystemInit)
    i.TIM_Base_SetConfig                     0x080040c4   Section        0  stm32f0xx_hal_tim.o(i.TIM_Base_SetConfig)
    i.TIM_CCxChannelCmd                      0x08004158   Section        0  stm32f0xx_hal_tim.o(i.TIM_CCxChannelCmd)
    i.TIM_ETR_SetConfig                      0x08004172   Section        0  stm32f0xx_hal_tim.o(i.TIM_ETR_SetConfig)
    i.TIM_ITRx_SetConfig                     0x08004188   Section        0  stm32f0xx_hal_tim.o(i.TIM_ITRx_SetConfig)
    TIM_ITRx_SetConfig                       0x08004189   Thumb Code    16  stm32f0xx_hal_tim.o(i.TIM_ITRx_SetConfig)
    i.TIM_OC1_SetConfig                      0x08004198   Section        0  stm32f0xx_hal_tim.o(i.TIM_OC1_SetConfig)
    TIM_OC1_SetConfig                        0x08004199   Thumb Code   120  stm32f0xx_hal_tim.o(i.TIM_OC1_SetConfig)
    i.TIM_OC2_SetConfig                      0x08004220   Section        0  stm32f0xx_hal_tim.o(i.TIM_OC2_SetConfig)
    i.TIM_OC3_SetConfig                      0x080042a0   Section        0  stm32f0xx_hal_tim.o(i.TIM_OC3_SetConfig)
    TIM_OC3_SetConfig                        0x080042a1   Thumb Code   114  stm32f0xx_hal_tim.o(i.TIM_OC3_SetConfig)
    i.TIM_OC4_SetConfig                      0x08004324   Section        0  stm32f0xx_hal_tim.o(i.TIM_OC4_SetConfig)
    TIM_OC4_SetConfig                        0x08004325   Thumb Code    90  stm32f0xx_hal_tim.o(i.TIM_OC4_SetConfig)
    i.TIM_TI1_ConfigInputStage               0x08004390   Section        0  stm32f0xx_hal_tim.o(i.TIM_TI1_ConfigInputStage)
    TIM_TI1_ConfigInputStage                 0x08004391   Thumb Code    34  stm32f0xx_hal_tim.o(i.TIM_TI1_ConfigInputStage)
    i.TIM_TI2_ConfigInputStage               0x080043b2   Section        0  stm32f0xx_hal_tim.o(i.TIM_TI2_ConfigInputStage)
    TIM_TI2_ConfigInputStage                 0x080043b3   Thumb Code    38  stm32f0xx_hal_tim.o(i.TIM_TI2_ConfigInputStage)
    i.Transmit_Msg                           0x080043d8   Section        0  uart.o(i.Transmit_Msg)
    i.UART_AdvFeatureConfig                  0x08004448   Section        0  stm32f0xx_hal_uart.o(i.UART_AdvFeatureConfig)
    i.UART_CheckIdleState                    0x08004514   Section        0  stm32f0xx_hal_uart.o(i.UART_CheckIdleState)
    i.UART_DMAError                          0x080045d8   Section        0  stm32f0xx_hal_uart.o(i.UART_DMAError)
    UART_DMAError                            0x080045d9   Thumb Code    76  stm32f0xx_hal_uart.o(i.UART_DMAError)
    i.UART_DMAReceiveCplt                    0x08004624   Section        0  stm32f0xx_hal_uart.o(i.UART_DMAReceiveCplt)
    UART_DMAReceiveCplt                      0x08004625   Thumb Code   152  stm32f0xx_hal_uart.o(i.UART_DMAReceiveCplt)
    i.UART_DMARxHalfCplt                     0x080046bc   Section        0  stm32f0xx_hal_uart.o(i.UART_DMARxHalfCplt)
    UART_DMARxHalfCplt                       0x080046bd   Thumb Code    32  stm32f0xx_hal_uart.o(i.UART_DMARxHalfCplt)
    i.UART_EndRxTransfer                     0x080046dc   Section        0  stm32f0xx_hal_uart.o(i.UART_EndRxTransfer)
    UART_EndRxTransfer                       0x080046dd   Thumb Code    96  stm32f0xx_hal_uart.o(i.UART_EndRxTransfer)
    i.UART_EndTxTransfer                     0x0800473c   Section        0  stm32f0xx_hal_uart.o(i.UART_EndTxTransfer)
    UART_EndTxTransfer                       0x0800473d   Thumb Code    32  stm32f0xx_hal_uart.o(i.UART_EndTxTransfer)
    i.UART_SetConfig                         0x0800475c   Section        0  stm32f0xx_hal_uart.o(i.UART_SetConfig)
    i.UART_Start_Receive_DMA                 0x080048bc   Section        0  stm32f0xx_hal_uart.o(i.UART_Start_Receive_DMA)
    i.UART_WaitOnFlagUntilTimeout            0x08004968   Section        0  stm32f0xx_hal_uart.o(i.UART_WaitOnFlagUntilTimeout)
    i.USART1_START_RX                        0x080049f4   Section        0  uart.o(i.USART1_START_RX)
    i.USART3_START_RX                        0x08004a0c   Section        0  uart.o(i.USART3_START_RX)
    i.USB_DevInit                            0x08004a24   Section        0  stm32f0xx_ll_usb.o(i.USB_DevInit)
    i.USB_DisableGlobalInt                   0x08004a38   Section        0  stm32f0xx_ll_usb.o(i.USB_DisableGlobalInt)
    i.Update_Up_Down_Btn_count               0x08004a4c   Section        0  ui.o(i.Update_Up_Down_Btn_count)
    i.WritePage_to_HMI                       0x08004b14   Section        0  hmi.o(i.WritePage_to_HMI)
    i.Write_AutoModeTimeInterval_Background_to_HMI 0x08004b6c   Section        0  hmi.o(i.Write_AutoModeTimeInterval_Background_to_HMI)
    i.Write_Parameters_To_HMI                0x08004bc0   Section        0  hmi.o(i.Write_Parameters_To_HMI)
    i.__ARM_common_ll_muluu                  0x08004de0   Section        0  stm32f0xx_hal_rcc.o(i.__ARM_common_ll_muluu)
    i.__ARM_common_switch8                   0x08004e10   Section        0  main.o(i.__ARM_common_switch8)
    i.__NVIC_SetPriority                     0x08004e2c   Section        0  stm32f0xx_hal_cortex.o(i.__NVIC_SetPriority)
    __NVIC_SetPriority                       0x08004e2d   Thumb Code    60  stm32f0xx_hal_cortex.o(i.__NVIC_SetPriority)
    i.createMessageBuffer_HMI                0x08004e70   Section        0  hmi.o(i.createMessageBuffer_HMI)
    i.isElapsedTime                          0x08004eac   Section        0  main.o(i.isElapsedTime)
    i.isElapsedTimeNoReset                   0x08004ed8   Section        0  main.o(i.isElapsedTimeNoReset)
    i.itoa2                                  0x08004efc   Section        0  utility.o(i.itoa2)
    i.main                                   0x08004f38   Section        0  main.o(i.main)
    i.msg_AllocateQ                          0x08005068   Section        0  msg_queue.o(i.msg_AllocateQ)
    i.msg_Enqueue                            0x080050a4   Section        0  msg_queue.o(i.msg_Enqueue)
    i.msg_FreeQ                              0x0800511c   Section        0  msg_queue.o(i.msg_FreeQ)
    i.msg_GetRXQData                         0x08005150   Section        0  msg_queue.o(i.msg_GetRXQData)
    i.msg_UpdateRXQ                          0x080051bc   Section        0  msg_queue.o(i.msg_UpdateRXQ)
    i.reverseString                          0x08005200   Section        0  utility.o(i.reverseString)
    i.set_motor_rotation_deg_by_pulses       0x0800521c   Section        0  main.o(i.set_motor_rotation_deg_by_pulses)
    i.set_motor_speed_dps                    0x0800539c   Section        0  main.o(i.set_motor_speed_dps)
    i.set_motor_speed_inchps_with_acc        0x0800540c   Section        0  main.o(i.set_motor_speed_inchps_with_acc)
    i.set_motor_speed_mmps                   0x08005438   Section        0  main.o(i.set_motor_speed_mmps)
    i.set_motor_speed_mmps_with_acc          0x0800546c   Section        0  main.o(i.set_motor_speed_mmps_with_acc)
    i.set_timer_frequency                    0x08005650   Section        0  main.o(i.set_timer_frequency)
    x$fpl$fadd                               0x08005688   Section      140  faddsub.o(x$fpl$fadd)
    _fadd1                                   0x08005695   Thumb Code     0  faddsub.o(x$fpl$fadd)
    x$fpl$feqf                               0x08005714   Section       84  feqf.o(x$fpl$feqf)
    x$fpl$fmul                               0x08005768   Section      176  fmul.o(x$fpl$fmul)
    x$fpl$frleqf                             0x08005818   Section       88  frlef.o(x$fpl$frleqf)
    x$fpl$frsb                               0x08005870   Section       24  faddsub.o(x$fpl$frsb)
    x$fpl$fsub                               0x08005888   Section      208  faddsub.o(x$fpl$fsub)
    _fsub1                                   0x08005895   Thumb Code     0  faddsub.o(x$fpl$fsub)
    .constdata                               0x08005958   Section        1  msg_queue.o(.constdata)
    x$fpl$usenofp                            0x08005958   Section        0  usenofp.o(x$fpl$usenofp)
    .constdata                               0x08005959   Section        1  msg_queue.o(.constdata)
    .constdata                               0x0800595a   Section       32  stm32f0xx_hal_rcc.o(.constdata)
    aPLLMULFactorTable                       0x0800595a   Data          16  stm32f0xx_hal_rcc.o(.constdata)
    aPredivFactorTable                       0x0800596a   Data          16  stm32f0xx_hal_rcc.o(.constdata)
    .constdata                               0x0800597a   Section       16  system_stm32f0xx.o(.constdata)
    .constdata                               0x0800598a   Section        8  system_stm32f0xx.o(.constdata)
    .constdata                               0x08005992   Section      128  ddiv.o(.constdata)
    ddiv_reciptbl                            0x08005992   Data         128  ddiv.o(.constdata)
    .constdata                               0x08005a12   Section       64  fdiv.o(.constdata)
    fdiv_tab                                 0x08005a12   Data          64  fdiv.o(.constdata)
    .conststring                             0x08005a54   Section      189  hmi.o(.conststring)
    .data                                    0x20000000   Section        8  main.o(.data)
    .data                                    0x20000008   Section        8  main.o(.data)
    .data                                    0x20000010   Section      204  main.o(.data)
    .data                                    0x200000dc   Section        8  main.o(.data)
    .data                                    0x200000e4   Section        8  main.o(.data)
    .data                                    0x200000ec   Section        4  main.o(.data)
    .data                                    0x200000f0   Section        4  main.o(.data)
    .data                                    0x200000f4   Section        4  main.o(.data)
    .data                                    0x200000f8   Section        8  main.o(.data)
    .data                                    0x20000100   Section       44  msg_queue.o(.data)
    hmi_txMsgQ                               0x20000104   Data           4  msg_queue.o(.data)
    hmi_rxMsgQ                               0x20000108   Data           4  msg_queue.o(.data)
    hmi_txLen                                0x2000010c   Data           4  msg_queue.o(.data)
    hmi_rxLen                                0x20000110   Data           4  msg_queue.o(.data)
    dev_txMsgQ                               0x20000114   Data           4  msg_queue.o(.data)
    dev_rxMsgQ                               0x20000118   Data           4  msg_queue.o(.data)
    dev_txLen                                0x2000011c   Data           4  msg_queue.o(.data)
    dev_rxLen                                0x20000120   Data           4  msg_queue.o(.data)
    pc_txMsgQ                                0x20000124   Data           4  msg_queue.o(.data)
    pc_rxMsgQ                                0x20000128   Data           4  msg_queue.o(.data)
    .data                                    0x2000012c   Section       36  uart.o(.data)
    .data                                    0x20000150   Section       60  hmi.o(.data)
    cInitPage                                0x2000015c   Data           4  hmi.o(.data)
    cMainPage                                0x20000160   Data           4  hmi.o(.data)
    cAutoPage                                0x20000164   Data           4  hmi.o(.data)
    cDPS                                     0x20000168   Data           4  hmi.o(.data)
    cDegree                                  0x2000016c   Data           4  hmi.o(.data)
    cValueAutoModeTime                       0x20000170   Data           4  hmi.o(.data)
    cValueExecutionTime                      0x20000174   Data           4  hmi.o(.data)
    cValueMovement                           0x20000178   Data           4  hmi.o(.data)
    cAutoModeTimeIntervalBcgColor            0x2000017c   Data           4  hmi.o(.data)
    cAutoHour                                0x20000180   Data           4  hmi.o(.data)
    cAutoMin                                 0x20000184   Data           4  hmi.o(.data)
    cAutoSec                                 0x20000188   Data           4  hmi.o(.data)
    .data                                    0x2000018c   Section      160  ui.o(.data)
    .data                                    0x2000022c   Section       12  stm32f0xx_hal.o(.data)
    .data                                    0x20000238   Section        4  system_stm32f0xx.o(.data)
    .bss                                     0x2000023c   Section     1356  main.o(.bss)
    .bss                                     0x20000788   Section       68  main.o(.bss)
    .bss                                     0x200007cc   Section       68  main.o(.bss)
    .bss                                     0x20000810   Section       68  main.o(.bss)
    .bss                                     0x20000854   Section       68  main.o(.bss)
    .bss                                     0x20000898   Section       68  main.o(.bss)
    .bss                                     0x200008dc   Section     2844  msg_queue.o(.bss)
    buffer_occupied                          0x200008dc   Data          36  msg_queue.o(.bss)
    buffer_memory                            0x20000900   Data        1440  msg_queue.o(.bss)
    buffer_len                               0x20000ea0   Data          36  msg_queue.o(.bss)
    rx_buffer                                0x20000ec4   Data        1332  msg_queue.o(.bss)
    .bss                                     0x200013f8   Section       72  uart.o(.bss)
    hmi_bufrx                                0x200013f8   Data          36  uart.o(.bss)
    pc_bufrx                                 0x2000141c   Data          36  uart.o(.bss)
    .bss                                     0x20001440   Section       74  hmi.o(.bss)
    cMsg                                     0x20001440   Data          30  hmi.o(.bss)
    Par                                      0x2000145e   Data          20  hmi.o(.bss)
    cPar                                     0x20001472   Data          24  hmi.o(.bss)
    .bss                                     0x2000148c   Section       96  libspace.o(.bss)
    HEAP                                     0x200014f0   Section      512  startup_stm32f072xb.o(HEAP)
    Heap_Mem                                 0x200014f0   Data         512  startup_stm32f072xb.o(HEAP)
    STACK                                    0x200016f0   Section     1024  startup_stm32f072xb.o(STACK)
    Stack_Mem                                0x200016f0   Data        1024  startup_stm32f072xb.o(STACK)
    __initial_sp                             0x20001af0   Data           0  startup_stm32f072xb.o(STACK)

    Global Symbols

    Symbol Name                              Value     Ov Type        Size  Object(Section)

    BuildAttributes$$THM_ISAv3M$S$PE$A:L22$X:L11$S22$IEEE1$IW$USESV6$~STKCKD$USESV7$~SHL$OTIME$ROPI$IEEEX$EBA8$UX$STANDARDLIB$REQ8$PRES8$EABIv2 0x00000000   Number         0  anon$$obj.o ABSOLUTE
    __ARM_use_no_argv                        0x00000000   Number         0  main.o ABSOLUTE
    __ARM_exceptions_init                     - Undefined Weak Reference
    __alloca_initialize                       - Undefined Weak Reference
    __arm_preinit_                            - Undefined Weak Reference
    __cpp_initialize__aeabi_                  - Undefined Weak Reference
    __cxa_finalize                            - Undefined Weak Reference
    __rt_locale                               - Undefined Weak Reference
    __sigvec_lookup                           - Undefined Weak Reference
    _atexit_init                              - Undefined Weak Reference
    _call_atexit_fns                          - Undefined Weak Reference
    _clock_init                               - Undefined Weak Reference
    _fp_trap_init                             - Undefined Weak Reference
    _fp_trap_shutdown                         - Undefined Weak Reference
    _get_lc_collate                           - Undefined Weak Reference
    _get_lc_ctype                             - Undefined Weak Reference
    _get_lc_monetary                          - Undefined Weak Reference
    _get_lc_numeric                           - Undefined Weak Reference
    _get_lc_time                              - Undefined Weak Reference
    _getenv_init                              - Undefined Weak Reference
    _handle_redirection                       - Undefined Weak Reference
    _init_alloc                               - Undefined Weak Reference
    _init_user_alloc                          - Undefined Weak Reference
    _initio                                   - Undefined Weak Reference
    _rand_init                                - Undefined Weak Reference
    _signal_finish                            - Undefined Weak Reference
    _signal_init                              - Undefined Weak Reference
    _terminate_alloc                          - Undefined Weak Reference
    _terminate_user_alloc                     - Undefined Weak Reference
    _terminateio                              - Undefined Weak Reference
    __Vectors_Size                           0x000000c0   Number         0  startup_stm32f072xb.o ABSOLUTE
    __Vectors                                0x08000000   Data           4  startup_stm32f072xb.o(RESET)
    __Vectors_End                            0x080000c0   Data           0  startup_stm32f072xb.o(RESET)
    __main                                   0x080000c1   Thumb Code     8  __main.o(!!!main)
    __scatterload                            0x080000c9   Thumb Code     0  __scatter.o(!!!scatter)
    __scatterload_rt2                        0x080000c9   Thumb Code    52  __scatter.o(!!!scatter)
    __scatterload_rt2_thumb_only             0x080000c9   Thumb Code     0  __scatter.o(!!!scatter)
    __scatterload_null                       0x080000d9   Thumb Code     0  __scatter.o(!!!scatter)
    __scatterload_zeroinit                   0x08000105   Thumb Code    28  __scatter_zi.o(!!handler_zi)
    __rt_lib_init                            0x08000121   Thumb Code     0  libinit.o(.ARM.Collect$$libinit$$00000000)
    __rt_lib_init_alloca_1                   0x08000123   Thumb Code     0  libinit2.o(.ARM.Collect$$libinit$$0000002E)
    __rt_lib_init_argv_1                     0x08000123   Thumb Code     0  libinit2.o(.ARM.Collect$$libinit$$0000002C)
    __rt_lib_init_atexit_1                   0x08000123   Thumb Code     0  libinit2.o(.ARM.Collect$$libinit$$0000001B)
    __rt_lib_init_clock_1                    0x08000123   Thumb Code     0  libinit2.o(.ARM.Collect$$libinit$$00000021)
    __rt_lib_init_cpp_1                      0x08000123   Thumb Code     0  libinit2.o(.ARM.Collect$$libinit$$00000032)
    __rt_lib_init_exceptions_1               0x08000123   Thumb Code     0  libinit2.o(.ARM.Collect$$libinit$$00000030)
    __rt_lib_init_fp_1                       0x08000123   Thumb Code     0  libinit2.o(.ARM.Collect$$libinit$$00000002)
    __rt_lib_init_fp_trap_1                  0x08000123   Thumb Code     0  libinit2.o(.ARM.Collect$$libinit$$0000001F)
    __rt_lib_init_getenv_1                   0x08000123   Thumb Code     0  libinit2.o(.ARM.Collect$$libinit$$00000023)
    __rt_lib_init_heap_1                     0x08000123   Thumb Code     0  libinit2.o(.ARM.Collect$$libinit$$0000000A)
    __rt_lib_init_lc_collate_1               0x08000123   Thumb Code     0  libinit2.o(.ARM.Collect$$libinit$$00000011)
    __rt_lib_init_lc_ctype_1                 0x08000123   Thumb Code     0  libinit2.o(.ARM.Collect$$libinit$$00000013)
    __rt_lib_init_lc_monetary_1              0x08000123   Thumb Code     0  libinit2.o(.ARM.Collect$$libinit$$00000015)
    __rt_lib_init_lc_numeric_1               0x08000123   Thumb Code     0  libinit2.o(.ARM.Collect$$libinit$$00000017)
    __rt_lib_init_lc_time_1                  0x08000123   Thumb Code     0  libinit2.o(.ARM.Collect$$libinit$$00000019)
    __rt_lib_init_preinit_1                  0x08000123   Thumb Code     0  libinit2.o(.ARM.Collect$$libinit$$00000004)
    __rt_lib_init_rand_1                     0x08000123   Thumb Code     0  libinit2.o(.ARM.Collect$$libinit$$0000000E)
    __rt_lib_init_return                     0x08000123   Thumb Code     0  libinit2.o(.ARM.Collect$$libinit$$00000033)
    __rt_lib_init_signal_1                   0x08000123   Thumb Code     0  libinit2.o(.ARM.Collect$$libinit$$0000001D)
    __rt_lib_init_stdio_1                    0x08000123   Thumb Code     0  libinit2.o(.ARM.Collect$$libinit$$00000025)
    __rt_lib_init_user_alloc_1               0x08000123   Thumb Code     0  libinit2.o(.ARM.Collect$$libinit$$0000000C)
    __rt_lib_shutdown                        0x08000125   Thumb Code     0  libshutdown.o(.ARM.Collect$$libshutdown$$00000000)
    __rt_lib_shutdown_cpp_1                  0x08000127   Thumb Code     0  libshutdown2.o(.ARM.Collect$$libshutdown$$00000002)
    __rt_lib_shutdown_fp_trap_1              0x08000127   Thumb Code     0  libshutdown2.o(.ARM.Collect$$libshutdown$$00000007)
    __rt_lib_shutdown_heap_1                 0x08000127   Thumb Code     0  libshutdown2.o(.ARM.Collect$$libshutdown$$0000000F)
    __rt_lib_shutdown_return                 0x08000127   Thumb Code     0  libshutdown2.o(.ARM.Collect$$libshutdown$$00000010)
    __rt_lib_shutdown_signal_1               0x08000127   Thumb Code     0  libshutdown2.o(.ARM.Collect$$libshutdown$$0000000A)
    __rt_lib_shutdown_stdio_1                0x08000127   Thumb Code     0  libshutdown2.o(.ARM.Collect$$libshutdown$$00000004)
    __rt_lib_shutdown_user_alloc_1           0x08000127   Thumb Code     0  libshutdown2.o(.ARM.Collect$$libshutdown$$0000000C)
    __rt_entry                               0x08000129   Thumb Code     0  __rtentry.o(.ARM.Collect$$rtentry$$00000000)
    __rt_entry_presh_1                       0x08000129   Thumb Code     0  __rtentry2.o(.ARM.Collect$$rtentry$$00000002)
    __rt_entry_sh                            0x08000129   Thumb Code     0  __rtentry4.o(.ARM.Collect$$rtentry$$00000004)
    __rt_entry_li                            0x0800012f   Thumb Code     0  __rtentry2.o(.ARM.Collect$$rtentry$$0000000A)
    __rt_entry_postsh_1                      0x0800012f   Thumb Code     0  __rtentry2.o(.ARM.Collect$$rtentry$$00000009)
    __rt_entry_main                          0x08000133   Thumb Code     0  __rtentry2.o(.ARM.Collect$$rtentry$$0000000D)
    __rt_entry_postli_1                      0x08000133   Thumb Code     0  __rtentry2.o(.ARM.Collect$$rtentry$$0000000C)
    __rt_exit                                0x0800013b   Thumb Code     0  rtexit.o(.ARM.Collect$$rtexit$$00000000)
    __rt_exit_ls                             0x0800013d   Thumb Code     0  rtexit2.o(.ARM.Collect$$rtexit$$00000003)
    __rt_exit_prels_1                        0x0800013d   Thumb Code     0  rtexit2.o(.ARM.Collect$$rtexit$$00000002)
    __rt_exit_exit                           0x08000141   Thumb Code     0  rtexit2.o(.ARM.Collect$$rtexit$$00000004)
    __aeabi_memcpy4                          0x08000149   Thumb Code    56  rt_memcpy.o(.emb_text)
    __aeabi_memcpy8                          0x08000149   Thumb Code     0  rt_memcpy.o(.emb_text)
    Reset_Handler                            0x08000181   Thumb Code     8  startup_stm32f072xb.o(.text)
    ADC1_COMP_IRQHandler                     0x08000193   Thumb Code     0  startup_stm32f072xb.o(.text)
    CEC_CAN_IRQHandler                       0x08000193   Thumb Code     0  startup_stm32f072xb.o(.text)
    EXTI0_1_IRQHandler                       0x08000193   Thumb Code     0  startup_stm32f072xb.o(.text)
    EXTI2_3_IRQHandler                       0x08000193   Thumb Code     0  startup_stm32f072xb.o(.text)
    EXTI4_15_IRQHandler                      0x08000193   Thumb Code     0  startup_stm32f072xb.o(.text)
    FLASH_IRQHandler                         0x08000193   Thumb Code     0  startup_stm32f072xb.o(.text)
    I2C1_IRQHandler                          0x08000193   Thumb Code     0  startup_stm32f072xb.o(.text)
    I2C2_IRQHandler                          0x08000193   Thumb Code     0  startup_stm32f072xb.o(.text)
    PVD_VDDIO2_IRQHandler                    0x08000193   Thumb Code     0  startup_stm32f072xb.o(.text)
    RCC_CRS_IRQHandler                       0x08000193   Thumb Code     0  startup_stm32f072xb.o(.text)
    RTC_IRQHandler                           0x08000193   Thumb Code     0  startup_stm32f072xb.o(.text)
    SPI1_IRQHandler                          0x08000193   Thumb Code     0  startup_stm32f072xb.o(.text)
    SPI2_IRQHandler                          0x08000193   Thumb Code     0  startup_stm32f072xb.o(.text)
    TIM14_IRQHandler                         0x08000193   Thumb Code     0  startup_stm32f072xb.o(.text)
    TIM15_IRQHandler                         0x08000193   Thumb Code     0  startup_stm32f072xb.o(.text)
    TIM16_IRQHandler                         0x08000193   Thumb Code     0  startup_stm32f072xb.o(.text)
    TIM17_IRQHandler                         0x08000193   Thumb Code     0  startup_stm32f072xb.o(.text)
    TIM1_BRK_UP_TRG_COM_IRQHandler           0x08000193   Thumb Code     0  startup_stm32f072xb.o(.text)
    TIM1_CC_IRQHandler                       0x08000193   Thumb Code     0  startup_stm32f072xb.o(.text)
    TIM2_IRQHandler                          0x08000193   Thumb Code     0  startup_stm32f072xb.o(.text)
    TIM3_IRQHandler                          0x08000193   Thumb Code     0  startup_stm32f072xb.o(.text)
    TIM6_DAC_IRQHandler                      0x08000193   Thumb Code     0  startup_stm32f072xb.o(.text)
    TIM7_IRQHandler                          0x08000193   Thumb Code     0  startup_stm32f072xb.o(.text)
    TSC_IRQHandler                           0x08000193   Thumb Code     0  startup_stm32f072xb.o(.text)
    USART1_IRQHandler                        0x08000193   Thumb Code     0  startup_stm32f072xb.o(.text)
    USART2_IRQHandler                        0x08000193   Thumb Code     0  startup_stm32f072xb.o(.text)
    USART3_4_IRQHandler                      0x08000193   Thumb Code     0  startup_stm32f072xb.o(.text)
    USB_IRQHandler                           0x08000193   Thumb Code     0  startup_stm32f072xb.o(.text)
    WWDG_IRQHandler                          0x08000193   Thumb Code     0  startup_stm32f072xb.o(.text)
    __user_initial_stackheap                 0x08000195   Thumb Code     0  startup_stm32f072xb.o(.text)
    __aeabi_ldivmod                          0x080001b9   Thumb Code   112  llsdiv.o(.text)
    _ll_sdiv                                 0x080001b9   Thumb Code     0  llsdiv.o(.text)
    __aeabi_uldivmod                         0x08000229   Thumb Code   258  lludiv.o(.text)
    _ll_udiv                                 0x08000229   Thumb Code     0  lludiv.o(.text)
    strcpy                                   0x0800032d   Thumb Code    70  strcpy.o(.text)
    strcat                                   0x08000379   Thumb Code    24  strcat.o(.text)
    __aeabi_memcpy                           0x08000391   Thumb Code   130  rt_memcpy.o(.text)
    __rt_memcpy                              0x08000391   Thumb Code     0  rt_memcpy.o(.text)
    _memset_w                                0x08000413   Thumb Code    26  rt_memclr.o(.text)
    _memset                                  0x0800042d   Thumb Code    30  rt_memclr.o(.text)
    __aeabi_memclr                           0x0800044b   Thumb Code     4  rt_memclr.o(.text)
    __rt_memclr                              0x0800044b   Thumb Code     0  rt_memclr.o(.text)
    __aeabi_memclr4                          0x0800044f   Thumb Code     0  rt_memclr.o(.text)
    __aeabi_memclr8                          0x0800044f   Thumb Code     0  rt_memclr.o(.text)
    __rt_memclr_w                            0x0800044f   Thumb Code     4  rt_memclr.o(.text)
    __aeabi_uidiv                            0x08000453   Thumb Code     0  aeabi_sdiv.o(.text)
    __aeabi_uidivmod                         0x08000453   Thumb Code    20  aeabi_sdiv.o(.text)
    __aeabi_idiv                             0x08000467   Thumb Code     0  aeabi_sdiv.o(.text)
    __aeabi_idivmod                          0x08000467   Thumb Code   326  aeabi_sdiv.o(.text)
    __use_two_region_memory                  0x080005ad   Thumb Code     2  heapauxi.o(.text)
    __rt_heap_escrow$2region                 0x080005af   Thumb Code     2  heapauxi.o(.text)
    __rt_heap_expand$2region                 0x080005b1   Thumb Code     2  heapauxi.o(.text)
    __aeabi_d2f                              0x080005b5   Thumb Code     0  d2f.o(.text)
    _d2f                                     0x080005b5   Thumb Code   120  d2f.o(.text)
    __aeabi_dadd                             0x08000929   Thumb Code     0  daddsub.o(.text)
    _dadd                                    0x08000929   Thumb Code    26  daddsub.o(.text)
    __aeabi_dsub                             0x08000943   Thumb Code     0  daddsub.o(.text)
    _dsub                                    0x08000943   Thumb Code    22  daddsub.o(.text)
    __aeabi_drsub                            0x08000959   Thumb Code     0  daddsub.o(.text)
    _drsb                                    0x08000959   Thumb Code    28  daddsub.o(.text)
    __aeabi_ddiv                             0x08000989   Thumb Code     0  ddiv.o(.text)
    _ddiv                                    0x08000989   Thumb Code  1072  ddiv.o(.text)
    _drdiv                                   0x08000db9   Thumb Code    20  ddiv.o(.text)
    __aeabi_d2iz                             0x08000dd1   Thumb Code     0  dfixi.o(.text)
    _dfix                                    0x08000dd1   Thumb Code    98  dfixi.o(.text)
    __aeabi_d2uiz                            0x08000e3d   Thumb Code     0  dfixui.o(.text)
    _dfixu                                   0x08000e3d   Thumb Code    68  dfixui.o(.text)
    __aeabi_i2d_normalise                    0x08000e85   Thumb Code    66  dflti.o(.text)
    __aeabi_i2d                              0x08000ec7   Thumb Code    16  dflti.o(.text)
    _dflt                                    0x08000ec7   Thumb Code     0  dflti.o(.text)
    __aeabi_ui2d                             0x08000ed7   Thumb Code     6  dflti.o(.text)
    _dfltu                                   0x08000ed7   Thumb Code     0  dflti.o(.text)
    __aeabi_dmul                             0x08000edd   Thumb Code     0  dmul.o(.text)
    _dmul                                    0x08000edd   Thumb Code   558  dmul.o(.text)
    __ARM_scalbn                             0x08001125   Thumb Code    84  dscalbn.o(.text)
    __aeabi_f2d                              0x08001185   Thumb Code     0  f2d.o(.text)
    _f2d                                     0x08001185   Thumb Code    80  f2d.o(.text)
    __aeabi_fdiv                             0x080011d9   Thumb Code     0  fdiv.o(.text)
    _fdiv                                    0x080011d9   Thumb Code   334  fdiv.o(.text)
    _frdiv                                   0x08001327   Thumb Code     8  fdiv.o(.text)
    __aeabi_f2iz                             0x08001339   Thumb Code     0  ffixi.o(.text)
    _ffix                                    0x08001339   Thumb Code    76  ffixi.o(.text)
    __aeabi_f2uiz                            0x08001385   Thumb Code     0  ffixui.o(.text)
    _ffixu                                   0x08001385   Thumb Code    48  ffixui.o(.text)
    __aeabi_i2f_normalise                    0x080013b5   Thumb Code    72  fflti.o(.text)
    __aeabi_i2f                              0x080013fd   Thumb Code    16  fflti.o(.text)
    _fflt                                    0x080013fd   Thumb Code     0  fflti.o(.text)
    __aeabi_ui2f                             0x0800140d   Thumb Code     6  fflti.o(.text)
    _ffltu                                   0x0800140d   Thumb Code     0  fflti.o(.text)
    __fpl_fcmp_InfNaN                        0x08001415   Thumb Code    96  fcmpin.o(.text)
    __fpl_cmpreturn                          0x08001479   Thumb Code    46  cmpret.o(.text)
    __fpl_fcheck_NaN2                        0x080014a9   Thumb Code    10  fnan2.o(.text)
    __user_libspace                          0x080014b9   Thumb Code     8  libspace.o(.text)
    __user_perproc_libspace                  0x080014b9   Thumb Code     0  libspace.o(.text)
    __user_perthread_libspace                0x080014b9   Thumb Code     0  libspace.o(.text)
    __user_setup_stackheap                   0x080014c1   Thumb Code    62  sys_stackheap_outer.o(.text)
    exit                                     0x080014ff   Thumb Code    16  exit.o(.text)
    __fpl_return_NaN                         0x0800150f   Thumb Code    94  retnan.o(.text)
    _sys_exit                                0x0800156d   Thumb Code     8  sys_exit.o(.text)
    __I$use$semihosting                      0x08001579   Thumb Code     0  use_no_semi.o(.text)
    __use_no_semihosting_swi                 0x08001579   Thumb Code     2  use_no_semi.o(.text)
    __decompress                             0x0800157b   Thumb Code     0  __dczerorl2.o(.text)
    __decompress1                            0x0800157b   Thumb Code    86  __dczerorl2.o(.text)
    __semihosting_library_function           0x0800157b   Thumb Code     0  indicate_semi.o(.text)
    Auto_Mode                                0x080015d1   Thumb Code   370  main.o(i.Auto_Mode)
    Broadcast_To_PeripheralDevice            0x0800175d   Thumb Code   108  ui.o(i.Broadcast_To_PeripheralDevice)
    Compute_Actual_Movement                  0x080017d5   Thumb Code    98  main.o(i.Compute_Actual_Movement)
    Compute_Execution_Time                   0x08001859   Thumb Code    88  main.o(i.Compute_Execution_Time)
    Continuous_Add_Minus_Advanced_settings   0x080018b9   Thumb Code   328  ui.o(i.Continuous_Add_Minus_Advanced_settings)
    DMA1_Channel1_IRQHandler                 0x08001a09   Thumb Code    10  stm32f0xx_it.o(i.DMA1_Channel1_IRQHandler)
    DMA1_Channel2_3_IRQHandler               0x08001a19   Thumb Code    16  stm32f0xx_it.o(i.DMA1_Channel2_3_IRQHandler)
    DMA1_Channel4_5_6_7_IRQHandler           0x08001a31   Thumb Code    16  stm32f0xx_it.o(i.DMA1_Channel4_5_6_7_IRQHandler)
    Error_Handler                            0x08001a95   Thumb Code     4  main.o(i.Error_Handler)
    HAL_ADC_ConfigChannel                    0x08001a99   Thumb Code   284  stm32f0xx_hal_adc.o(i.HAL_ADC_ConfigChannel)
    HAL_ADC_Init                             0x08001bc5   Thumb Code   366  stm32f0xx_hal_adc.o(i.HAL_ADC_Init)
    HAL_ADC_MspInit                          0x08001d3d   Thumb Code   120  stm32f0xx_hal_msp.o(i.HAL_ADC_MspInit)
    HAL_DMA_DeInit                           0x08001dc9   Thumb Code    74  stm32f0xx_hal_dma.o(i.HAL_DMA_DeInit)
    HAL_DMA_IRQHandler                       0x08001e13   Thumb Code   156  stm32f0xx_hal_dma.o(i.HAL_DMA_IRQHandler)
    HAL_DMA_Init                             0x08001eb1   Thumb Code    78  stm32f0xx_hal_dma.o(i.HAL_DMA_Init)
    HAL_DMA_Start_IT                         0x08001f05   Thumb Code   106  stm32f0xx_hal_dma.o(i.HAL_DMA_Start_IT)
    HAL_Delay                                0x08001f71   Thumb Code    32  stm32f0xx_hal.o(i.HAL_Delay)
    HAL_GPIO_DeInit                          0x08001f95   Thumb Code   202  stm32f0xx_hal_gpio.o(i.HAL_GPIO_DeInit)
    HAL_GPIO_Init                            0x08002079   Thumb Code   406  stm32f0xx_hal_gpio.o(i.HAL_GPIO_Init)
    HAL_GPIO_ReadPin                         0x0800222d   Thumb Code    10  stm32f0xx_hal_gpio.o(i.HAL_GPIO_ReadPin)
    HAL_GPIO_WritePin                        0x08002237   Thumb Code    12  stm32f0xx_hal_gpio.o(i.HAL_GPIO_WritePin)
    HAL_GetTick                              0x08002245   Thumb Code     6  stm32f0xx_hal.o(i.HAL_GetTick)
    HAL_I2CEx_ConfigAnalogFilter             0x08002251   Thumb Code    74  stm32f0xx_hal_i2c_ex.o(i.HAL_I2CEx_ConfigAnalogFilter)
    HAL_I2CEx_ConfigDigitalFilter            0x0800229b   Thumb Code    72  stm32f0xx_hal_i2c_ex.o(i.HAL_I2CEx_ConfigDigitalFilter)
    HAL_I2C_Init                             0x080022e5   Thumb Code   176  stm32f0xx_hal_i2c.o(i.HAL_I2C_Init)
    HAL_I2C_MspInit                          0x08002399   Thumb Code    90  stm32f0xx_hal_msp.o(i.HAL_I2C_MspInit)
    HAL_IncTick                              0x08002401   Thumb Code    12  stm32f0xx_hal.o(i.HAL_IncTick)
    HAL_Init                                 0x08002411   Thumb Code    26  stm32f0xx_hal.o(i.HAL_Init)
    HAL_InitTick                             0x08002431   Thumb Code    58  stm32f0xx_hal.o(i.HAL_InitTick)
    HAL_MspInit                              0x08002475   Thumb Code    34  stm32f0xx_hal_msp.o(i.HAL_MspInit)
    HAL_NVIC_EnableIRQ                       0x0800249d   Thumb Code    18  stm32f0xx_hal_cortex.o(i.HAL_NVIC_EnableIRQ)
    HAL_NVIC_SetPriority                     0x080024b5   Thumb Code     8  stm32f0xx_hal_cortex.o(i.HAL_NVIC_SetPriority)
    HAL_PCDEx_ActivateLPM                    0x080024bd   Thumb Code    44  stm32f0xx_hal_pcd_ex.o(i.HAL_PCDEx_ActivateLPM)
    HAL_PCD_Init                             0x080024e9   Thumb Code   172  stm32f0xx_hal_pcd.o(i.HAL_PCD_Init)
    HAL_PCD_MspInit                          0x08002595   Thumb Code    30  stm32f0xx_hal_msp.o(i.HAL_PCD_MspInit)
    HAL_RCCEx_PeriphCLKConfig                0x080025bd   Thumb Code   274  stm32f0xx_hal_rcc_ex.o(i.HAL_RCCEx_PeriphCLKConfig)
    HAL_RCC_ClockConfig                      0x080026dd   Thumb Code   252  stm32f0xx_hal_rcc.o(i.HAL_RCC_ClockConfig)
    HAL_RCC_GetPCLK1Freq                     0x080027ed   Thumb Code    20  stm32f0xx_hal_rcc.o(i.HAL_RCC_GetPCLK1Freq)
    HAL_RCC_GetSysClockFreq                  0x0800280d   Thumb Code    86  stm32f0xx_hal_rcc.o(i.HAL_RCC_GetSysClockFreq)
    HAL_RCC_OscConfig                        0x08002875   Thumb Code  1028  stm32f0xx_hal_rcc.o(i.HAL_RCC_OscConfig)
    HAL_SYSTICK_Config                       0x08002c79   Thumb Code    38  stm32f0xx_hal_cortex.o(i.HAL_SYSTICK_Config)
    HAL_TIMEx_MasterConfigSynchronization    0x08002ca9   Thumb Code    84  stm32f0xx_hal_tim_ex.o(i.HAL_TIMEx_MasterConfigSynchronization)
    HAL_TIM_Base_Init                        0x08002d09   Thumb Code    72  stm32f0xx_hal_tim.o(i.HAL_TIM_Base_Init)
    HAL_TIM_Base_MspInit                     0x08002d51   Thumb Code   108  stm32f0xx_hal_msp.o(i.HAL_TIM_Base_MspInit)
    HAL_TIM_Base_Start_IT                    0x08002dc5   Thumb Code    74  stm32f0xx_hal_tim.o(i.HAL_TIM_Base_Start_IT)
    HAL_TIM_ConfigClockSource                0x08002e1d   Thumb Code   220  stm32f0xx_hal_tim.o(i.HAL_TIM_ConfigClockSource)
    HAL_TIM_MspPostInit                      0x08002ef9   Thumb Code   102  stm32f0xx_hal_msp.o(i.HAL_TIM_MspPostInit)
    HAL_TIM_PWM_ConfigChannel                0x08002f6d   Thumb Code   208  stm32f0xx_hal_tim.o(i.HAL_TIM_PWM_ConfigChannel)
    HAL_TIM_PWM_Init                         0x0800303d   Thumb Code    72  stm32f0xx_hal_tim.o(i.HAL_TIM_PWM_Init)
    HAL_TIM_PWM_MspInit                      0x08003085   Thumb Code    28  stm32f0xx_hal_msp.o(i.HAL_TIM_PWM_MspInit)
    HAL_TIM_PWM_Start                        0x080030a9   Thumb Code   154  stm32f0xx_hal_tim.o(i.HAL_TIM_PWM_Start)
    HAL_UARTEx_RxEventCallback               0x08003159   Thumb Code     2  stm32f0xx_hal_uart.o(i.HAL_UARTEx_RxEventCallback)
    HAL_UART_DeInit                          0x0800315b   Thumb Code    66  stm32f0xx_hal_uart.o(i.HAL_UART_DeInit)
    HAL_UART_ErrorCallback                   0x0800319d   Thumb Code    34  uart.o(i.HAL_UART_ErrorCallback)
    HAL_UART_Init                            0x080031c9   Thumb Code   106  stm32f0xx_hal_uart.o(i.HAL_UART_Init)
    HAL_UART_MspDeInit                       0x08003235   Thumb Code    72  stm32f0xx_hal_msp.o(i.HAL_UART_MspDeInit)
    HAL_UART_MspInit                         0x0800328d   Thumb Code   346  stm32f0xx_hal_msp.o(i.HAL_UART_MspInit)
    HAL_UART_Receive_DMA                     0x08003411   Thumb Code    88  stm32f0xx_hal_uart.o(i.HAL_UART_Receive_DMA)
    HAL_UART_RxCpltCallback                  0x08003469   Thumb Code   212  uart.o(i.HAL_UART_RxCpltCallback)
    HAL_UART_RxHalfCpltCallback              0x0800354d   Thumb Code     2  stm32f0xx_hal_uart.o(i.HAL_UART_RxHalfCpltCallback)
    HAL_UART_Transmit                        0x0800354f   Thumb Code   192  stm32f0xx_hal_uart.o(i.HAL_UART_Transmit)
    Handle_Message                           0x08003611   Thumb Code   612  main.o(i.Handle_Message)
    HardFault_Handler                        0x080038b1   Thumb Code     2  stm32f0xx_it.o(i.HardFault_Handler)
    Indicate_Actual_Movement                 0x080038b5   Thumb Code    42  ui.o(i.Indicate_Actual_Movement)
    Indicate_Execution_Time                  0x080038ed   Thumb Code    42  ui.o(i.Indicate_Execution_Time)
    MSG_InitializeQeueue                     0x08003925   Thumb Code    40  msg_queue.o(i.MSG_InitializeQeueue)
    Main_Loop_Task_Dispatcher                0x08003c71   Thumb Code   124  main.o(i.Main_Loop_Task_Dispatcher)
    NMI_Handler                              0x08003cf1   Thumb Code     2  stm32f0xx_it.o(i.NMI_Handler)
    PendSV_Handler                           0x08003cf3   Thumb Code     2  stm32f0xx_it.o(i.PendSV_Handler)
    SVC_Handler                              0x08003cf5   Thumb Code     2  stm32f0xx_it.o(i.SVC_Handler)
    Set_Auto_Mode_Hours                      0x08003cf9   Thumb Code   136  ui.o(i.Set_Auto_Mode_Hours)
    Set_Auto_Mode_Minutess                   0x08003d9d   Thumb Code   140  ui.o(i.Set_Auto_Mode_Minutess)
    Set_Auto_Mode_Seconds                    0x08003e45   Thumb Code   136  ui.o(i.Set_Auto_Mode_Seconds)
    Set_Main_Parameters                      0x08003ee9   Thumb Code   208  ui.o(i.Set_Main_Parameters)
    Set_Parameters                           0x08003fd1   Thumb Code    20  ui.o(i.Set_Parameters)
    Single_Add_Minus_Advanced_settings       0x08003fe5   Thumb Code    88  ui.o(i.Single_Add_Minus_Advanced_settings)
    SysTick_Handler                          0x0800403d   Thumb Code     8  stm32f0xx_it.o(i.SysTick_Handler)
    SystemClock_Config                       0x08004045   Thumb Code   120  main.o(i.SystemClock_Config)
    SystemInit                               0x080040c1   Thumb Code     2  system_stm32f0xx.o(i.SystemInit)
    TIM_Base_SetConfig                       0x080040c5   Thumb Code   124  stm32f0xx_hal_tim.o(i.TIM_Base_SetConfig)
    TIM_CCxChannelCmd                        0x08004159   Thumb Code    26  stm32f0xx_hal_tim.o(i.TIM_CCxChannelCmd)
    TIM_ETR_SetConfig                        0x08004173   Thumb Code    22  stm32f0xx_hal_tim.o(i.TIM_ETR_SetConfig)
    TIM_OC2_SetConfig                        0x08004221   Thumb Code   110  stm32f0xx_hal_tim.o(i.TIM_OC2_SetConfig)
    Transmit_Msg                             0x080043d9   Thumb Code    92  uart.o(i.Transmit_Msg)
    UART_AdvFeatureConfig                    0x08004449   Thumb Code   202  stm32f0xx_hal_uart.o(i.UART_AdvFeatureConfig)
    UART_CheckIdleState                      0x08004515   Thumb Code   190  stm32f0xx_hal_uart.o(i.UART_CheckIdleState)
    UART_SetConfig                           0x0800475d   Thumb Code   320  stm32f0xx_hal_uart.o(i.UART_SetConfig)
    UART_Start_Receive_DMA                   0x080048bd   Thumb Code   160  stm32f0xx_hal_uart.o(i.UART_Start_Receive_DMA)
    UART_WaitOnFlagUntilTimeout              0x08004969   Thumb Code   138  stm32f0xx_hal_uart.o(i.UART_WaitOnFlagUntilTimeout)
    USART1_START_RX                          0x080049f5   Thumb Code    14  uart.o(i.USART1_START_RX)
    USART3_START_RX                          0x08004a0d   Thumb Code    14  uart.o(i.USART3_START_RX)
    USB_DevInit                              0x08004a25   Thumb Code    18  stm32f0xx_ll_usb.o(i.USB_DevInit)
    USB_DisableGlobalInt                     0x08004a39   Thumb Code    14  stm32f0xx_ll_usb.o(i.USB_DisableGlobalInt)
    Update_Up_Down_Btn_count                 0x08004a4d   Thumb Code   192  ui.o(i.Update_Up_Down_Btn_count)
    WritePage_to_HMI                         0x08004b15   Thumb Code    72  hmi.o(i.WritePage_to_HMI)
    Write_AutoModeTimeInterval_Background_to_HMI 0x08004b6d   Thumb Code    72  hmi.o(i.Write_AutoModeTimeInterval_Background_to_HMI)
    Write_Parameters_To_HMI                  0x08004bc1   Thumb Code   458  hmi.o(i.Write_Parameters_To_HMI)
    __ARM_common_ll_muluu                    0x08004de1   Thumb Code    48  stm32f0xx_hal_rcc.o(i.__ARM_common_ll_muluu)
    __ARM_common_switch8                     0x08004e11   Thumb Code    26  main.o(i.__ARM_common_switch8)
    createMessageBuffer_HMI                  0x08004e71   Thumb Code    52  hmi.o(i.createMessageBuffer_HMI)
    isElapsedTime                            0x08004ead   Thumb Code    38  main.o(i.isElapsedTime)
    isElapsedTimeNoReset                     0x08004ed9   Thumb Code    32  main.o(i.isElapsedTimeNoReset)
    itoa2                                    0x08004efd   Thumb Code    60  utility.o(i.itoa2)
    main                                     0x08004f39   Thumb Code   284  main.o(i.main)
    msg_AllocateQ                            0x08005069   Thumb Code    52  msg_queue.o(i.msg_AllocateQ)
    msg_Enqueue                              0x080050a5   Thumb Code   112  msg_queue.o(i.msg_Enqueue)
    msg_FreeQ                                0x0800511d   Thumb Code    42  msg_queue.o(i.msg_FreeQ)
    msg_GetRXQData                           0x08005151   Thumb Code    94  msg_queue.o(i.msg_GetRXQData)
    msg_UpdateRXQ                            0x080051bd   Thumb Code    58  msg_queue.o(i.msg_UpdateRXQ)
    reverseString                            0x08005201   Thumb Code    26  utility.o(i.reverseString)
    set_motor_rotation_deg_by_pulses         0x0800521d   Thumb Code   360  main.o(i.set_motor_rotation_deg_by_pulses)
    set_motor_speed_dps                      0x0800539d   Thumb Code   104  main.o(i.set_motor_speed_dps)
    set_motor_speed_inchps_with_acc          0x0800540d   Thumb Code    36  main.o(i.set_motor_speed_inchps_with_acc)
    set_motor_speed_mmps                     0x08005439   Thumb Code    40  main.o(i.set_motor_speed_mmps)
    set_motor_speed_mmps_with_acc            0x0800546d   Thumb Code   472  main.o(i.set_motor_speed_mmps_with_acc)
    set_timer_frequency                      0x08005651   Thumb Code    52  main.o(i.set_timer_frequency)
    __aeabi_fadd                             0x08005689   Thumb Code     0  faddsub.o(x$fpl$fadd)
    _fadd                                    0x08005689   Thumb Code   134  faddsub.o(x$fpl$fadd)
    __aeabi_cfcmpeq                          0x08005715   Thumb Code     0  feqf.o(x$fpl$feqf)
    _fcmpeq                                  0x08005715   Thumb Code    78  feqf.o(x$fpl$feqf)
    __aeabi_fmul                             0x08005769   Thumb Code     0  fmul.o(x$fpl$fmul)
    _fmul                                    0x08005769   Thumb Code   172  fmul.o(x$fpl$fmul)
    __aeabi_cfrcmple                         0x08005819   Thumb Code     0  frlef.o(x$fpl$frleqf)
    _frcmple                                 0x08005819   Thumb Code    84  frlef.o(x$fpl$frleqf)
    __aeabi_frsub                            0x08005871   Thumb Code     0  faddsub.o(x$fpl$frsb)
    _frsb                                    0x08005871   Thumb Code    24  faddsub.o(x$fpl$frsb)
    __aeabi_fsub                             0x08005889   Thumb Code     0  faddsub.o(x$fpl$fsub)
    _fsub                                    0x08005889   Thumb Code   204  faddsub.o(x$fpl$fsub)
    HMI_TX_QID                               0x08005958   Data           1  msg_queue.o(.constdata)
    __I$use$fp                               0x08005958   Number         0  usenofp.o(x$fpl$usenofp)
    PC_TX_QID                                0x08005959   Data           1  msg_queue.o(.constdata)
    AHBPrescTable                            0x0800597a   Data          16  system_stm32f0xx.o(.constdata)
    APBPrescTable                            0x0800598a   Data           8  system_stm32f0xx.o(.constdata)
    Region$$Table$$Base                      0x08005b14   Number         0  anon$$obj.o(Region$$Table)
    Region$$Table$$Limit                     0x08005b34   Number         0  anon$$obj.o(Region$$Table)
    m1_enable                                0x20000000   Data           8  main.o(.data)
    m1_direction                             0x20000008   Data           8  main.o(.data)
    tick_overflow_flag                       0x20000010   Data           1  main.o(.data)
    auto_mode                                0x20000011   Data           1  main.o(.data)
    new_tick                                 0x20000014   Data           4  main.o(.data)
    init_working_tick                        0x20000018   Data           4  main.o(.data)
    event_id                                 0x2000001c   Data           4  main.o(.data)
    main_loop_task                           0x20000020   Data           4  main.o(.data)
    last_count                               0x20000024   Data           4  main.o(.data)
    actual_movement                          0x20000028   Data           4  main.o(.data)
    auto_mode_iteration                      0x2000002c   Data           4  main.o(.data)
    target_execution_time_per_speed_interval 0x20000030   Data           4  main.o(.data)
    target_iteration                         0x20000034   Data           4  main.o(.data)
    acc                                      0x20000038   Data           4  main.o(.data)
    dacc                                     0x2000003c   Data           4  main.o(.data)
    time_to_acc                              0x20000040   Data           4  main.o(.data)
    time_to_dacc                             0x20000044   Data           4  main.o(.data)
    lastTimeTick_speed_change                0x20000048   Data           4  main.o(.data)
    lastTimeTick_limit_sensor_detected       0x2000004c   Data           4  main.o(.data)
    lastTimeTick_target_deg_change           0x20000050   Data           4  main.o(.data)
    lastTimeTick_compute_actual_movement     0x20000054   Data           4  main.o(.data)
    lastTimeTick_auto_mode                   0x20000058   Data           4  main.o(.data)
    lastTimeTick_test_only                   0x2000005c   Data           4  main.o(.data)
    m2_pulse                                 0x20000060   Data           8  main.o(.data)
    limit_sensor                             0x20000068   Data           8  main.o(.data)
    m1                                       0x20000070   Data          44  main.o(.data)
    m2                                       0x2000009c   Data          44  main.o(.data)
    hmi_parameters                           0x200000c8   Data          20  main.o(.data)
    m2_enable                                0x200000dc   Data           8  main.o(.data)
    m2_direction                             0x200000e4   Data           8  main.o(.data)
    page_index                               0x200000ec   Data           4  main.o(.data)
    lastTimeTick_value_movement              0x200000f0   Data           4  main.o(.data)
    lastTimeTick_execution_time              0x200000f4   Data           4  main.o(.data)
    hmi_parameters_buffer                    0x200000f8   Data           8  main.o(.data)
    bufferOccupied                           0x20000100   Data           1  msg_queue.o(.data)
    rx_bufferOccupied                        0x20000101   Data           1  msg_queue.o(.data)
    remain_tx                                0x20000102   Data           1  msg_queue.o(.data)
    data_length_MD                           0x2000012c   Data           1  uart.o(.data)
    CRC_LEN_MD                               0x2000012d   Data           1  uart.o(.data)
    buffer_pc                                0x20000130   Data           4  uart.o(.data)
    hmi_buftx                                0x20000134   Data           4  uart.o(.data)
    pc_buftx                                 0x20000138   Data           4  uart.o(.data)
    MD_Address                               0x2000013c   Data           4  uart.o(.data)
    uart1_transmitting_state                 0x20000140   Data           4  uart.o(.data)
    uart1_state                              0x20000144   Data           4  uart.o(.data)
    uart3_transmitting_state                 0x20000148   Data           4  uart.o(.data)
    uart3_state                              0x2000014c   Data           4  uart.o(.data)
    data_length                              0x20000150   Data           1  hmi.o(.data)
    buffer                                   0x20000154   Data           4  hmi.o(.data)
    last_title_index                         0x20000158   Data           4  hmi.o(.data)
    startBtnStatus                           0x2000018c   Data          16  ui.o(.data)
    stopBtnStatus                            0x2000019c   Data          16  ui.o(.data)
    upBtnStatus                              0x200001ac   Data          16  ui.o(.data)
    downBtnStatus                            0x200001bc   Data          16  ui.o(.data)
    upHourBtnStatus                          0x200001cc   Data          16  ui.o(.data)
    downHourBtnStatus                        0x200001dc   Data          16  ui.o(.data)
    upMinBtnStatus                           0x200001ec   Data          16  ui.o(.data)
    downMinBtnStatus                         0x200001fc   Data          16  ui.o(.data)
    upSecBtnStatus                           0x2000020c   Data          16  ui.o(.data)
    downSecBtnStatus                         0x2000021c   Data          16  ui.o(.data)
    uwTickFreq                               0x2000022c   Data           1  stm32f0xx_hal.o(.data)
    uwTickPrio                               0x20000230   Data           4  stm32f0xx_hal.o(.data)
    uwTick                                   0x20000234   Data           4  stm32f0xx_hal.o(.data)
    SystemCoreClock                          0x20000238   Data           4  system_stm32f0xx.o(.data)
    automode_parameters                      0x2000023c   Data          24  main.o(.bss)
    hadc                                     0x20000254   Data          64  main.o(.bss)
    hi2c1                                    0x20000294   Data          84  main.o(.bss)
    htim2                                    0x200002e8   Data          72  main.o(.bss)
    htim3                                    0x20000330   Data          72  main.o(.bss)
    huart1                                   0x20000378   Data         136  main.o(.bss)
    huart3                                   0x20000400   Data         136  main.o(.bss)
    hpcd_USB_FS                              0x20000488   Data         756  main.o(.bss)
    automode_parameters_buffer               0x2000077c   Data          12  main.o(.bss)
    hdma_adc                                 0x20000788   Data          68  main.o(.bss)
    hdma_usart1_rx                           0x200007cc   Data          68  main.o(.bss)
    hdma_usart1_tx                           0x20000810   Data          68  main.o(.bss)
    hdma_usart3_rx                           0x20000854   Data          68  main.o(.bss)
    hdma_usart3_tx                           0x20000898   Data          68  main.o(.bss)
    __libspace_start                         0x2000148c   Data          96  libspace.o(.bss)
    __temporary_stack_top$libspace           0x200014ec   Data           0  libspace.o(.bss)



==============================================================================

Memory Map of the image

  Image Entry point : 0x080000c1

  Load Region LR_IROM1 (Base: 0x08000000, Size: 0x00005d70, Max: 0x00020000, ABSOLUTE, COMPRESSED[0x00005bb8])

    Execution Region ER_IROM1 (Exec base: 0x08000000, Load base: 0x08000000, Size: 0x00005b34, Max: 0x00020000, ABSOLUTE)

    Exec Addr    Load Addr    Size         Type   Attr      Idx    E Section Name        Object

    0x08000000   0x08000000   0x000000c0   Data   RO            3    RESET               startup_stm32f072xb.o
    0x080000c0   0x080000c0   0x00000008   Code   RO         4503  * !!!main             c_p.l(__main.o)
    0x080000c8   0x080000c8   0x0000003c   Code   RO         4781    !!!scatter          c_p.l(__scatter.o)
    0x08000104   0x08000104   0x0000001c   Code   RO         4783    !!handler_zi        c_p.l(__scatter_zi.o)
    0x08000120   0x08000120   0x00000002   Code   RO         4647    .ARM.Collect$$libinit$$00000000  c_p.l(libinit.o)
    0x08000122   0x08000122   0x00000000   Code   RO         4662    .ARM.Collect$$libinit$$00000002  c_p.l(libinit2.o)
    0x08000122   0x08000122   0x00000000   Code   RO         4664    .ARM.Collect$$libinit$$00000004  c_p.l(libinit2.o)
    0x08000122   0x08000122   0x00000000   Code   RO         4667    .ARM.Collect$$libinit$$0000000A  c_p.l(libinit2.o)
    0x08000122   0x08000122   0x00000000   Code   RO         4669    .ARM.Collect$$libinit$$0000000C  c_p.l(libinit2.o)
    0x08000122   0x08000122   0x00000000   Code   RO         4671    .ARM.Collect$$libinit$$0000000E  c_p.l(libinit2.o)
    0x08000122   0x08000122   0x00000000   Code   RO         4674    .ARM.Collect$$libinit$$00000011  c_p.l(libinit2.o)
    0x08000122   0x08000122   0x00000000   Code   RO         4676    .ARM.Collect$$libinit$$00000013  c_p.l(libinit2.o)
    0x08000122   0x08000122   0x00000000   Code   RO         4678    .ARM.Collect$$libinit$$00000015  c_p.l(libinit2.o)
    0x08000122   0x08000122   0x00000000   Code   RO         4680    .ARM.Collect$$libinit$$00000017  c_p.l(libinit2.o)
    0x08000122   0x08000122   0x00000000   Code   RO         4682    .ARM.Collect$$libinit$$00000019  c_p.l(libinit2.o)
    0x08000122   0x08000122   0x00000000   Code   RO         4684    .ARM.Collect$$libinit$$0000001B  c_p.l(libinit2.o)
    0x08000122   0x08000122   0x00000000   Code   RO         4686    .ARM.Collect$$libinit$$0000001D  c_p.l(libinit2.o)
    0x08000122   0x08000122   0x00000000   Code   RO         4688    .ARM.Collect$$libinit$$0000001F  c_p.l(libinit2.o)
    0x08000122   0x08000122   0x00000000   Code   RO         4690    .ARM.Collect$$libinit$$00000021  c_p.l(libinit2.o)
    0x08000122   0x08000122   0x00000000   Code   RO         4692    .ARM.Collect$$libinit$$00000023  c_p.l(libinit2.o)
    0x08000122   0x08000122   0x00000000   Code   RO         4694    .ARM.Collect$$libinit$$00000025  c_p.l(libinit2.o)
    0x08000122   0x08000122   0x00000000   Code   RO         4698    .ARM.Collect$$libinit$$0000002C  c_p.l(libinit2.o)
    0x08000122   0x08000122   0x00000000   Code   RO         4700    .ARM.Collect$$libinit$$0000002E  c_p.l(libinit2.o)
    0x08000122   0x08000122   0x00000000   Code   RO         4702    .ARM.Collect$$libinit$$00000030  c_p.l(libinit2.o)
    0x08000122   0x08000122   0x00000000   Code   RO         4704    .ARM.Collect$$libinit$$00000032  c_p.l(libinit2.o)
    0x08000122   0x08000122   0x00000002   Code   RO         4705    .ARM.Collect$$libinit$$00000033  c_p.l(libinit2.o)
    0x08000124   0x08000124   0x00000002   Code   RO         4736    .ARM.Collect$$libshutdown$$00000000  c_p.l(libshutdown.o)
    0x08000126   0x08000126   0x00000000   Code   RO         4762    .ARM.Collect$$libshutdown$$00000002  c_p.l(libshutdown2.o)
    0x08000126   0x08000126   0x00000000   Code   RO         4764    .ARM.Collect$$libshutdown$$00000004  c_p.l(libshutdown2.o)
    0x08000126   0x08000126   0x00000000   Code   RO         4767    .ARM.Collect$$libshutdown$$00000007  c_p.l(libshutdown2.o)
    0x08000126   0x08000126   0x00000000   Code   RO         4770    .ARM.Collect$$libshutdown$$0000000A  c_p.l(libshutdown2.o)
    0x08000126   0x08000126   0x00000000   Code   RO         4772    .ARM.Collect$$libshutdown$$0000000C  c_p.l(libshutdown2.o)
    0x08000126   0x08000126   0x00000000   Code   RO         4775    .ARM.Collect$$libshutdown$$0000000F  c_p.l(libshutdown2.o)
    0x08000126   0x08000126   0x00000002   Code   RO         4776    .ARM.Collect$$libshutdown$$00000010  c_p.l(libshutdown2.o)
    0x08000128   0x08000128   0x00000000   Code   RO         4555    .ARM.Collect$$rtentry$$00000000  c_p.l(__rtentry.o)
    0x08000128   0x08000128   0x00000000   Code   RO         4599    .ARM.Collect$$rtentry$$00000002  c_p.l(__rtentry2.o)
    0x08000128   0x08000128   0x00000006   Code   RO         4611    .ARM.Collect$$rtentry$$00000004  c_p.l(__rtentry4.o)
    0x0800012e   0x0800012e   0x00000000   Code   RO         4601    .ARM.Collect$$rtentry$$00000009  c_p.l(__rtentry2.o)
    0x0800012e   0x0800012e   0x00000004   Code   RO         4602    .ARM.Collect$$rtentry$$0000000A  c_p.l(__rtentry2.o)
    0x08000132   0x08000132   0x00000000   Code   RO         4604    .ARM.Collect$$rtentry$$0000000C  c_p.l(__rtentry2.o)
    0x08000132   0x08000132   0x00000008   Code   RO         4605    .ARM.Collect$$rtentry$$0000000D  c_p.l(__rtentry2.o)
    0x0800013a   0x0800013a   0x00000002   Code   RO         4653    .ARM.Collect$$rtexit$$00000000  c_p.l(rtexit.o)
    0x0800013c   0x0800013c   0x00000000   Code   RO         4709    .ARM.Collect$$rtexit$$00000002  c_p.l(rtexit2.o)
    0x0800013c   0x0800013c   0x00000004   Code   RO         4710    .ARM.Collect$$rtexit$$00000003  c_p.l(rtexit2.o)
    0x08000140   0x08000140   0x00000006   Code   RO         4711    .ARM.Collect$$rtexit$$00000004  c_p.l(rtexit2.o)
    0x08000146   0x08000146   0x00000002   PAD
    0x08000148   0x08000148   0x00000038   Code   RO         4491    .emb_text           c_p.l(rt_memcpy.o)
    0x08000180   0x08000180   0x00000038   Code   RO            4    .text               startup_stm32f072xb.o
    0x080001b8   0x080001b8   0x00000070   Code   RO         4483    .text               c_p.l(llsdiv.o)
    0x08000228   0x08000228   0x00000102   Code   RO         4485    .text               c_p.l(lludiv.o)
    0x0800032a   0x0800032a   0x00000002   PAD
    0x0800032c   0x0800032c   0x0000004c   Code   RO         4487    .text               c_p.l(strcpy.o)
    0x08000378   0x08000378   0x00000018   Code   RO         4489    .text               c_p.l(strcat.o)
    0x08000390   0x08000390   0x00000082   Code   RO         4492    .text               c_p.l(rt_memcpy.o)
    0x08000412   0x08000412   0x00000040   Code   RO         4495    .text               c_p.l(rt_memclr.o)
    0x08000452   0x08000452   0x0000015a   Code   RO         4497    .text               c_p.l(aeabi_sdiv.o)
    0x080005ac   0x080005ac   0x00000006   Code   RO         4501    .text               c_p.l(heapauxi.o)
    0x080005b2   0x080005b2   0x00000002   PAD
    0x080005b4   0x080005b4   0x0000007c   Code   RO         4505    .text               fz_ps.l(d2f.o)
    0x08000630   0x08000630   0x00000358   Code   RO         4507    .text               fz_ps.l(daddsub.o)
    0x08000988   0x08000988   0x00000448   Code   RO         4509    .text               fz_ps.l(ddiv.o)
    0x08000dd0   0x08000dd0   0x0000006c   Code   RO         4512    .text               fz_ps.l(dfixi.o)
    0x08000e3c   0x08000e3c   0x00000048   Code   RO         4514    .text               fz_ps.l(dfixui.o)
    0x08000e84   0x08000e84   0x00000058   Code   RO         4516    .text               fz_ps.l(dflti.o)
    0x08000edc   0x08000edc   0x00000248   Code   RO         4518    .text               fz_ps.l(dmul.o)
    0x08001124   0x08001124   0x00000060   Code   RO         4520    .text               fz_ps.l(dscalbn.o)
    0x08001184   0x08001184   0x00000054   Code   RO         4522    .text               fz_ps.l(f2d.o)
    0x080011d8   0x080011d8   0x00000160   Code   RO         4530    .text               fz_ps.l(fdiv.o)
    0x08001338   0x08001338   0x0000004c   Code   RO         4535    .text               fz_ps.l(ffixi.o)
    0x08001384   0x08001384   0x00000030   Code   RO         4537    .text               fz_ps.l(ffixui.o)
    0x080013b4   0x080013b4   0x0000005e   Code   RO         4539    .text               fz_ps.l(fflti.o)
    0x08001412   0x08001412   0x00000002   PAD
    0x08001414   0x08001414   0x00000064   Code   RO         4568    .text               fz_ps.l(fcmpin.o)
    0x08001478   0x08001478   0x0000002e   Code   RO         4620    .text               fz_ps.l(cmpret.o)
    0x080014a6   0x080014a6   0x00000002   PAD
    0x080014a8   0x080014a8   0x00000010   Code   RO         4628    .text               fz_ps.l(fnan2.o)
    0x080014b8   0x080014b8   0x00000008   Code   RO         4630    .text               c_p.l(libspace.o)
    0x080014c0   0x080014c0   0x0000003e   Code   RO         4633    .text               c_p.l(sys_stackheap_outer.o)
    0x080014fe   0x080014fe   0x00000010   Code   RO         4636    .text               c_p.l(exit.o)
    0x0800150e   0x0800150e   0x0000005e   Code   RO         4650    .text               fz_ps.l(retnan.o)
    0x0800156c   0x0800156c   0x0000000c   Code   RO         4706    .text               c_p.l(sys_exit.o)
    0x08001578   0x08001578   0x00000002   Code   RO         4725    .text               c_p.l(use_no_semi.o)
    0x0800157a   0x0800157a   0x00000000   Code   RO         4727    .text               c_p.l(indicate_semi.o)
    0x0800157a   0x0800157a   0x00000056   Code   RO         4779    .text               c_p.l(__dczerorl2.o)
    0x080015d0   0x080015d0   0x0000018c   Code   RO           12    i.Auto_Mode         main.o
    0x0800175c   0x0800175c   0x00000078   Code   RO          792    i.Broadcast_To_PeripheralDevice  ui.o
    0x080017d4   0x080017d4   0x00000084   Code   RO           13    i.Compute_Actual_Movement  main.o
    0x08001858   0x08001858   0x00000060   Code   RO           14    i.Compute_Execution_Time  main.o
    0x080018b8   0x080018b8   0x00000150   Code   RO          793    i.Continuous_Add_Minus_Advanced_settings  ui.o
    0x08001a08   0x08001a08   0x00000010   Code   RO          330    i.DMA1_Channel1_IRQHandler  stm32f0xx_it.o
    0x08001a18   0x08001a18   0x00000018   Code   RO          331    i.DMA1_Channel2_3_IRQHandler  stm32f0xx_it.o
    0x08001a30   0x08001a30   0x00000018   Code   RO          332    i.DMA1_Channel4_5_6_7_IRQHandler  stm32f0xx_it.o
    0x08001a48   0x08001a48   0x00000024   Code   RO         2136    i.DMA_CalcBaseAndBitshift  stm32f0xx_hal_dma.o
    0x08001a6c   0x08001a6c   0x00000028   Code   RO         2137    i.DMA_SetConfig     stm32f0xx_hal_dma.o
    0x08001a94   0x08001a94   0x00000004   Code   RO           15    i.Error_Handler     main.o
    0x08001a98   0x08001a98   0x0000012c   Code   RO         1028    i.HAL_ADC_ConfigChannel  stm32f0xx_hal_adc.o
    0x08001bc4   0x08001bc4   0x00000178   Code   RO         1037    i.HAL_ADC_Init      stm32f0xx_hal_adc.o
    0x08001d3c   0x08001d3c   0x0000008c   Code   RO          401    i.HAL_ADC_MspInit   stm32f0xx_hal_msp.o
    0x08001dc8   0x08001dc8   0x0000004a   Code   RO         2140    i.HAL_DMA_DeInit    stm32f0xx_hal_dma.o
    0x08001e12   0x08001e12   0x0000009c   Code   RO         2143    i.HAL_DMA_IRQHandler  stm32f0xx_hal_dma.o
    0x08001eae   0x08001eae   0x00000002   PAD
    0x08001eb0   0x08001eb0   0x00000054   Code   RO         2144    i.HAL_DMA_Init      stm32f0xx_hal_dma.o
    0x08001f04   0x08001f04   0x0000006a   Code   RO         2148    i.HAL_DMA_Start_IT  stm32f0xx_hal_dma.o
    0x08001f6e   0x08001f6e   0x00000002   PAD
    0x08001f70   0x08001f70   0x00000024   Code   RO         1403    i.HAL_Delay         stm32f0xx_hal.o
    0x08001f94   0x08001f94   0x000000e4   Code   RO         2074    i.HAL_GPIO_DeInit   stm32f0xx_hal_gpio.o
    0x08002078   0x08002078   0x000001b4   Code   RO         2077    i.HAL_GPIO_Init     stm32f0xx_hal_gpio.o
    0x0800222c   0x0800222c   0x0000000a   Code   RO         2079    i.HAL_GPIO_ReadPin  stm32f0xx_hal_gpio.o
    0x08002236   0x08002236   0x0000000c   Code   RO         2081    i.HAL_GPIO_WritePin  stm32f0xx_hal_gpio.o
    0x08002242   0x08002242   0x00000002   PAD
    0x08002244   0x08002244   0x0000000c   Code   RO         1407    i.HAL_GetTick       stm32f0xx_hal.o
    0x08002250   0x08002250   0x0000004a   Code   RO         2024    i.HAL_I2CEx_ConfigAnalogFilter  stm32f0xx_hal_i2c_ex.o
    0x0800229a   0x0800229a   0x00000048   Code   RO         2025    i.HAL_I2CEx_ConfigDigitalFilter  stm32f0xx_hal_i2c_ex.o
    0x080022e2   0x080022e2   0x00000002   PAD
    0x080022e4   0x080022e4   0x000000b4   Code   RO         1567    i.HAL_I2C_Init      stm32f0xx_hal_i2c.o
    0x08002398   0x08002398   0x00000068   Code   RO          403    i.HAL_I2C_MspInit   stm32f0xx_hal_msp.o
    0x08002400   0x08002400   0x00000010   Code   RO         1413    i.HAL_IncTick       stm32f0xx_hal.o
    0x08002410   0x08002410   0x00000020   Code   RO         1414    i.HAL_Init          stm32f0xx_hal.o
    0x08002430   0x08002430   0x00000044   Code   RO         1415    i.HAL_InitTick      stm32f0xx_hal.o
    0x08002474   0x08002474   0x00000028   Code   RO          404    i.HAL_MspInit       stm32f0xx_hal_msp.o
    0x0800249c   0x0800249c   0x00000018   Code   RO         2234    i.HAL_NVIC_EnableIRQ  stm32f0xx_hal_cortex.o
    0x080024b4   0x080024b4   0x00000008   Code   RO         2238    i.HAL_NVIC_SetPriority  stm32f0xx_hal_cortex.o
    0x080024bc   0x080024bc   0x0000002c   Code   RO         4386    i.HAL_PCDEx_ActivateLPM  stm32f0xx_hal_pcd_ex.o
    0x080024e8   0x080024e8   0x000000ac   Code   RO         4182    i.HAL_PCD_Init      stm32f0xx_hal_pcd.o
    0x08002594   0x08002594   0x00000028   Code   RO          406    i.HAL_PCD_MspInit   stm32f0xx_hal_msp.o
    0x080025bc   0x080025bc   0x00000120   Code   RO         1323    i.HAL_RCCEx_PeriphCLKConfig  stm32f0xx_hal_rcc_ex.o
    0x080026dc   0x080026dc   0x00000110   Code   RO         1218    i.HAL_RCC_ClockConfig  stm32f0xx_hal_rcc.o
    0x080027ec   0x080027ec   0x00000020   Code   RO         1225    i.HAL_RCC_GetPCLK1Freq  stm32f0xx_hal_rcc.o
    0x0800280c   0x0800280c   0x00000068   Code   RO         1226    i.HAL_RCC_GetSysClockFreq  stm32f0xx_hal_rcc.o
    0x08002874   0x08002874   0x00000404   Code   RO         1229    i.HAL_RCC_OscConfig  stm32f0xx_hal_rcc.o
    0x08002c78   0x08002c78   0x00000030   Code   RO         2242    i.HAL_SYSTICK_Config  stm32f0xx_hal_cortex.o
    0x08002ca8   0x08002ca8   0x00000060   Code   RO         3449    i.HAL_TIMEx_MasterConfigSynchronization  stm32f0xx_hal_tim_ex.o
    0x08002d08   0x08002d08   0x00000048   Code   RO         2730    i.HAL_TIM_Base_Init  stm32f0xx_hal_tim.o
    0x08002d50   0x08002d50   0x00000074   Code   RO          408    i.HAL_TIM_Base_MspInit  stm32f0xx_hal_msp.o
    0x08002dc4   0x08002dc4   0x00000058   Code   RO         2735    i.HAL_TIM_Base_Start_IT  stm32f0xx_hal_tim.o
    0x08002e1c   0x08002e1c   0x000000dc   Code   RO         2739    i.HAL_TIM_ConfigClockSource  stm32f0xx_hal_tim.o
    0x08002ef8   0x08002ef8   0x00000074   Code   RO          409    i.HAL_TIM_MspPostInit  stm32f0xx_hal_msp.o
    0x08002f6c   0x08002f6c   0x000000d0   Code   RO         2802    i.HAL_TIM_PWM_ConfigChannel  stm32f0xx_hal_tim.o
    0x0800303c   0x0800303c   0x00000048   Code   RO         2805    i.HAL_TIM_PWM_Init  stm32f0xx_hal_tim.o
    0x08003084   0x08003084   0x00000024   Code   RO          411    i.HAL_TIM_PWM_MspInit  stm32f0xx_hal_msp.o
    0x080030a8   0x080030a8   0x000000b0   Code   RO         2810    i.HAL_TIM_PWM_Start  stm32f0xx_hal_tim.o
    0x08003158   0x08003158   0x00000002   Code   RO         3702    i.HAL_UARTEx_RxEventCallback  stm32f0xx_hal_uart.o
    0x0800315a   0x0800315a   0x00000042   Code   RO         3715    i.HAL_UART_DeInit   stm32f0xx_hal_uart.o
    0x0800319c   0x0800319c   0x0000002c   Code   RO          597    i.HAL_UART_ErrorCallback  uart.o
    0x080031c8   0x080031c8   0x0000006a   Code   RO         3722    i.HAL_UART_Init     stm32f0xx_hal_uart.o
    0x08003232   0x08003232   0x00000002   PAD
    0x08003234   0x08003234   0x00000058   Code   RO          412    i.HAL_UART_MspDeInit  stm32f0xx_hal_msp.o
    0x0800328c   0x0800328c   0x00000184   Code   RO          413    i.HAL_UART_MspInit  stm32f0xx_hal_msp.o
    0x08003410   0x08003410   0x00000058   Code   RO         3726    i.HAL_UART_Receive_DMA  stm32f0xx_hal_uart.o
    0x08003468   0x08003468   0x000000e4   Code   RO          598    i.HAL_UART_RxCpltCallback  uart.o
    0x0800354c   0x0800354c   0x00000002   Code   RO         3730    i.HAL_UART_RxHalfCpltCallback  stm32f0xx_hal_uart.o
    0x0800354e   0x0800354e   0x000000c0   Code   RO         3731    i.HAL_UART_Transmit  stm32f0xx_hal_uart.o
    0x0800360e   0x0800360e   0x00000002   PAD
    0x08003610   0x08003610   0x000002a0   Code   RO           16    i.Handle_Message    main.o
    0x080038b0   0x080038b0   0x00000002   Code   RO          333    i.HardFault_Handler  stm32f0xx_it.o
    0x080038b2   0x080038b2   0x00000002   PAD
    0x080038b4   0x080038b4   0x00000038   Code   RO          794    i.Indicate_Actual_Movement  ui.o
    0x080038ec   0x080038ec   0x00000038   Code   RO          795    i.Indicate_Execution_Time  ui.o
    0x08003924   0x08003924   0x00000034   Code   RO          519    i.MSG_InitializeQeueue  msg_queue.o
    0x08003958   0x08003958   0x000000a8   Code   RO           17    i.MX_ADC_Init       main.o
    0x08003a00   0x08003a00   0x0000009c   Code   RO           18    i.MX_GPIO_Init      main.o
    0x08003a9c   0x08003a9c   0x00000058   Code   RO           19    i.MX_I2C1_Init      main.o
    0x08003af4   0x08003af4   0x00000074   Code   RO           20    i.MX_TIM2_Init      main.o
    0x08003b68   0x08003b68   0x00000078   Code   RO           21    i.MX_TIM3_Init      main.o
    0x08003be0   0x08003be0   0x00000048   Code   RO           22    i.MX_USART1_UART_Init  main.o
    0x08003c28   0x08003c28   0x00000048   Code   RO           23    i.MX_USART3_UART_Init  main.o
    0x08003c70   0x08003c70   0x00000080   Code   RO           24    i.Main_Loop_Task_Dispatcher  main.o
    0x08003cf0   0x08003cf0   0x00000002   Code   RO          334    i.NMI_Handler       stm32f0xx_it.o
    0x08003cf2   0x08003cf2   0x00000002   Code   RO          335    i.PendSV_Handler    stm32f0xx_it.o
    0x08003cf4   0x08003cf4   0x00000002   Code   RO          336    i.SVC_Handler       stm32f0xx_it.o
    0x08003cf6   0x08003cf6   0x00000002   PAD
    0x08003cf8   0x08003cf8   0x000000a4   Code   RO          796    i.Set_Auto_Mode_Hours  ui.o
    0x08003d9c   0x08003d9c   0x000000a8   Code   RO          797    i.Set_Auto_Mode_Minutess  ui.o
    0x08003e44   0x08003e44   0x000000a4   Code   RO          798    i.Set_Auto_Mode_Seconds  ui.o
    0x08003ee8   0x08003ee8   0x000000e8   Code   RO          799    i.Set_Main_Parameters  ui.o
    0x08003fd0   0x08003fd0   0x00000014   Code   RO          800    i.Set_Parameters    ui.o
    0x08003fe4   0x08003fe4   0x00000058   Code   RO          801    i.Single_Add_Minus_Advanced_settings  ui.o
    0x0800403c   0x0800403c   0x00000008   Code   RO          337    i.SysTick_Handler   stm32f0xx_it.o
    0x08004044   0x08004044   0x0000007c   Code   RO           25    i.SystemClock_Config  main.o
    0x080040c0   0x080040c0   0x00000002   Code   RO         4448    i.SystemInit        system_stm32f0xx.o
    0x080040c2   0x080040c2   0x00000002   PAD
    0x080040c4   0x080040c4   0x00000094   Code   RO         2823    i.TIM_Base_SetConfig  stm32f0xx_hal_tim.o
    0x08004158   0x08004158   0x0000001a   Code   RO         2824    i.TIM_CCxChannelCmd  stm32f0xx_hal_tim.o
    0x08004172   0x08004172   0x00000016   Code   RO         2834    i.TIM_ETR_SetConfig  stm32f0xx_hal_tim.o
    0x08004188   0x08004188   0x00000010   Code   RO         2835    i.TIM_ITRx_SetConfig  stm32f0xx_hal_tim.o
    0x08004198   0x08004198   0x00000088   Code   RO         2836    i.TIM_OC1_SetConfig  stm32f0xx_hal_tim.o
    0x08004220   0x08004220   0x00000080   Code   RO         2837    i.TIM_OC2_SetConfig  stm32f0xx_hal_tim.o
    0x080042a0   0x080042a0   0x00000084   Code   RO         2838    i.TIM_OC3_SetConfig  stm32f0xx_hal_tim.o
    0x08004324   0x08004324   0x0000006c   Code   RO         2839    i.TIM_OC4_SetConfig  stm32f0xx_hal_tim.o
    0x08004390   0x08004390   0x00000022   Code   RO         2841    i.TIM_TI1_ConfigInputStage  stm32f0xx_hal_tim.o
    0x080043b2   0x080043b2   0x00000026   Code   RO         2843    i.TIM_TI2_ConfigInputStage  stm32f0xx_hal_tim.o
    0x080043d8   0x080043d8   0x00000070   Code   RO          601    i.Transmit_Msg      uart.o
    0x08004448   0x08004448   0x000000ca   Code   RO         3736    i.UART_AdvFeatureConfig  stm32f0xx_hal_uart.o
    0x08004512   0x08004512   0x00000002   PAD
    0x08004514   0x08004514   0x000000c4   Code   RO         3737    i.UART_CheckIdleState  stm32f0xx_hal_uart.o
    0x080045d8   0x080045d8   0x0000004c   Code   RO         3739    i.UART_DMAError     stm32f0xx_hal_uart.o
    0x08004624   0x08004624   0x00000098   Code   RO         3740    i.UART_DMAReceiveCplt  stm32f0xx_hal_uart.o
    0x080046bc   0x080046bc   0x00000020   Code   RO         3742    i.UART_DMARxHalfCplt  stm32f0xx_hal_uart.o
    0x080046dc   0x080046dc   0x00000060   Code   RO         3748    i.UART_EndRxTransfer  stm32f0xx_hal_uart.o
    0x0800473c   0x0800473c   0x00000020   Code   RO         3749    i.UART_EndTxTransfer  stm32f0xx_hal_uart.o
    0x0800475c   0x0800475c   0x00000160   Code   RO         3752    i.UART_SetConfig    stm32f0xx_hal_uart.o
    0x080048bc   0x080048bc   0x000000ac   Code   RO         3753    i.UART_Start_Receive_DMA  stm32f0xx_hal_uart.o
    0x08004968   0x08004968   0x0000008a   Code   RO         3757    i.UART_WaitOnFlagUntilTimeout  stm32f0xx_hal_uart.o
    0x080049f2   0x080049f2   0x00000002   PAD
    0x080049f4   0x080049f4   0x00000018   Code   RO          602    i.USART1_START_RX   uart.o
    0x08004a0c   0x08004a0c   0x00000018   Code   RO          603    i.USART3_START_RX   uart.o
    0x08004a24   0x08004a24   0x00000012   Code   RO          894    i.USB_DevInit       stm32f0xx_ll_usb.o
    0x08004a36   0x08004a36   0x00000002   PAD
    0x08004a38   0x08004a38   0x00000014   Code   RO          895    i.USB_DisableGlobalInt  stm32f0xx_ll_usb.o
    0x08004a4c   0x08004a4c   0x000000c8   Code   RO          802    i.Update_Up_Down_Btn_count  ui.o
    0x08004b14   0x08004b14   0x00000058   Code   RO          674    i.WritePage_to_HMI  hmi.o
    0x08004b6c   0x08004b6c   0x00000054   Code   RO          675    i.Write_AutoModeTimeInterval_Background_to_HMI  hmi.o
    0x08004bc0   0x08004bc0   0x00000220   Code   RO          677    i.Write_Parameters_To_HMI  hmi.o
    0x08004de0   0x08004de0   0x00000030   Code   RO         1304    i.__ARM_common_ll_muluu  stm32f0xx_hal_rcc.o
    0x08004e10   0x08004e10   0x0000001a   Code   RO          178    i.__ARM_common_switch8  main.o
    0x08004e2a   0x08004e2a   0x00000002   PAD
    0x08004e2c   0x08004e2c   0x00000044   Code   RO         2244    i.__NVIC_SetPriority  stm32f0xx_hal_cortex.o
    0x08004e70   0x08004e70   0x0000003c   Code   RO          678    i.createMessageBuffer_HMI  hmi.o
    0x08004eac   0x08004eac   0x0000002c   Code   RO           26    i.isElapsedTime     main.o
    0x08004ed8   0x08004ed8   0x00000024   Code   RO           27    i.isElapsedTimeNoReset  main.o
    0x08004efc   0x08004efc   0x0000003c   Code   RO          744    i.itoa2             utility.o
    0x08004f38   0x08004f38   0x00000130   Code   RO           28    i.main              main.o
    0x08005068   0x08005068   0x0000003c   Code   RO          521    i.msg_AllocateQ     msg_queue.o
    0x080050a4   0x080050a4   0x00000078   Code   RO          523    i.msg_Enqueue       msg_queue.o
    0x0800511c   0x0800511c   0x00000034   Code   RO          524    i.msg_FreeQ         msg_queue.o
    0x08005150   0x08005150   0x0000006c   Code   RO          525    i.msg_GetRXQData    msg_queue.o
    0x080051bc   0x080051bc   0x00000044   Code   RO          526    i.msg_UpdateRXQ     msg_queue.o
    0x08005200   0x08005200   0x0000001a   Code   RO          746    i.reverseString     utility.o
    0x0800521a   0x0800521a   0x00000002   PAD
    0x0800521c   0x0800521c   0x00000180   Code   RO           30    i.set_motor_rotation_deg_by_pulses  main.o
    0x0800539c   0x0800539c   0x00000070   Code   RO           31    i.set_motor_speed_dps  main.o
    0x0800540c   0x0800540c   0x0000002c   Code   RO           32    i.set_motor_speed_inchps_with_acc  main.o
    0x08005438   0x08005438   0x00000034   Code   RO           33    i.set_motor_speed_mmps  main.o
    0x0800546c   0x0800546c   0x000001e4   Code   RO           34    i.set_motor_speed_mmps_with_acc  main.o
    0x08005650   0x08005650   0x00000038   Code   RO           35    i.set_timer_frequency  main.o
    0x08005688   0x08005688   0x0000008c   Code   RO         4524    x$fpl$fadd          fz_ps.l(faddsub.o)
    0x08005714   0x08005714   0x00000054   Code   RO         4533    x$fpl$feqf          fz_ps.l(feqf.o)
    0x08005768   0x08005768   0x000000b0   Code   RO         4541    x$fpl$fmul          fz_ps.l(fmul.o)
    0x08005818   0x08005818   0x00000058   Code   RO         4543    x$fpl$frleqf        fz_ps.l(frlef.o)
    0x08005870   0x08005870   0x00000018   Code   RO         4525    x$fpl$frsb          fz_ps.l(faddsub.o)
    0x08005888   0x08005888   0x000000d0   Code   RO         4526    x$fpl$fsub          fz_ps.l(faddsub.o)
    0x08005958   0x08005958   0x00000000   Code   RO         4570    x$fpl$usenofp       fz_ps.l(usenofp.o)
    0x08005958   0x08005958   0x00000001   Data   RO          529    .constdata          msg_queue.o
    0x08005959   0x08005959   0x00000001   Data   RO          531    .constdata          msg_queue.o
    0x0800595a   0x0800595a   0x00000020   Data   RO         1230    .constdata          stm32f0xx_hal_rcc.o
    0x0800597a   0x0800597a   0x00000010   Data   RO         4449    .constdata          system_stm32f0xx.o
    0x0800598a   0x0800598a   0x00000008   Data   RO         4450    .constdata          system_stm32f0xx.o
    0x08005992   0x08005992   0x00000080   Data   RO         4510    .constdata          fz_ps.l(ddiv.o)
    0x08005a12   0x08005a12   0x00000040   Data   RO         4531    .constdata          fz_ps.l(fdiv.o)
    0x08005a52   0x08005a52   0x00000002   PAD
    0x08005a54   0x08005a54   0x000000bd   Data   RO          682    .conststring        hmi.o
    0x08005b11   0x08005b11   0x00000003   PAD
    0x08005b14   0x08005b14   0x00000020   Data   RO         4777    Region$$Table       anon$$obj.o


    Execution Region RW_IRAM1 (Exec base: 0x20000000, Load base: 0x08005b34, Size: 0x00001af0, Max: 0x00004000, ABSOLUTE, COMPRESSED[0x00000084])

    Exec Addr    Load Addr    Size         Type   Attr      Idx    E Section Name        Object

    0x20000000   COMPRESSED   0x00000008   Data   RW           43    .data               main.o
    0x20000008   COMPRESSED   0x00000008   Data   RW           44    .data               main.o
    0x20000010   COMPRESSED   0x000000cc   Data   RW           45    .data               main.o
    0x200000dc   COMPRESSED   0x00000008   Data   RW           46    .data               main.o
    0x200000e4   COMPRESSED   0x00000008   Data   RW           47    .data               main.o
    0x200000ec   COMPRESSED   0x00000004   Data   RW           48    .data               main.o
    0x200000f0   COMPRESSED   0x00000004   Data   RW           52    .data               main.o
    0x200000f4   COMPRESSED   0x00000004   Data   RW           53    .data               main.o
    0x200000f8   COMPRESSED   0x00000008   Data   RW           54    .data               main.o
    0x20000100   COMPRESSED   0x0000002c   Data   RW          536    .data               msg_queue.o
    0x2000012c   COMPRESSED   0x00000024   Data   RW          607    .data               uart.o
    0x20000150   COMPRESSED   0x0000003c   Data   RW          683    .data               hmi.o
    0x2000018c   COMPRESSED   0x000000a0   Data   RW          809    .data               ui.o
    0x2000022c   COMPRESSED   0x0000000c   Data   RW         1421    .data               stm32f0xx_hal.o
    0x20000238   COMPRESSED   0x00000004   Data   RW         4451    .data               system_stm32f0xx.o
    0x2000023c        -       0x0000054c   Zero   RW           36    .bss                main.o
    0x20000788        -       0x00000044   Zero   RW           37    .bss                main.o
    0x200007cc        -       0x00000044   Zero   RW           39    .bss                main.o
    0x20000810        -       0x00000044   Zero   RW           40    .bss                main.o
    0x20000854        -       0x00000044   Zero   RW           41    .bss                main.o
    0x20000898        -       0x00000044   Zero   RW           42    .bss                main.o
    0x200008dc        -       0x00000b1c   Zero   RW          528    .bss                msg_queue.o
    0x200013f8        -       0x00000048   Zero   RW          606    .bss                uart.o
    0x20001440        -       0x0000004a   Zero   RW          681    .bss                hmi.o
    0x2000148a   COMPRESSED   0x00000002   PAD
    0x2000148c        -       0x00000060   Zero   RW         4631    .bss                c_p.l(libspace.o)
    0x200014ec   COMPRESSED   0x00000004   PAD
    0x200014f0        -       0x00000200   Zero   RW            2    HEAP                startup_stm32f072xb.o
    0x200016f0        -       0x00000400   Zero   RW            1    STACK               startup_stm32f072xb.o


==============================================================================

Image component sizes


      Code (inc. data)   RO Data    RW Data    ZI Data      Debug   Object Name

       776        132        189         60         74       3948   hmi.o
      3886        332          0        256       1696     546678   main.o
       460         72          2         44       2844       5921   msg_queue.o
        56         26        192          0       1536        656   startup_stm32f072xb.o
       164         30          0         12          0       8681   stm32f0xx_hal.o
       676         26          0          0          0       2683   stm32f0xx_hal_adc.o
       148         24          0          0          0      10409   stm32f0xx_hal_cortex.o
       496         16          0          0          0       4940   stm32f0xx_hal_dma.o
       686         56          0          0          0       3697   stm32f0xx_hal_gpio.o
       180          4          0          0          0       3251   stm32f0xx_hal_i2c.o
       146          0          0          0          0       1955   stm32f0xx_hal_i2c_ex.o
      1068        138          0          0          0       6698   stm32f0xx_hal_msp.o
       172          0          0          0          0       1484   stm32f0xx_hal_pcd.o
        44          0          0          0          0       1198   stm32f0xx_hal_pcd_ex.o
      1484         66         32          0          0       4925   stm32f0xx_hal_rcc.o
       288         14          0          0          0       1544   stm32f0xx_hal_rcc_ex.o
      1624        130          0          0          0      12802   stm32f0xx_hal_tim.o
        96         12          0          0          0       1392   stm32f0xx_hal_tim_ex.o
      1904         50          0          0          0      18154   stm32f0xx_hal_uart.o
        80         22          0          0          0       6362   stm32f0xx_it.o
        38          6          0          0          0       1780   stm32f0xx_ll_usb.o
         2          0         24          4          0       1151   system_stm32f0xx.o
       432         66          0         36         72       4212   uart.o
      1604        170          0        160          0       9648   ui.o
        86          0          0          0          0       1704   utility.o

    ----------------------------------------------------------------------
     16624       1392        474        572       6224     665873   Object Totals
         0          0         32          0          0          0   (incl. Generated)
        28          0          3          0          2          0   (incl. Padding)

    ----------------------------------------------------------------------

      Code (inc. data)   RO Data    RW Data    ZI Data      Debug   Library Member Name

        86          0          0          0          0          0   __dczerorl2.o
         8          0          0          0          0         68   __main.o
         0          0          0          0          0          0   __rtentry.o
        12          0          0          0          0          0   __rtentry2.o
         6          0          0          0          0          0   __rtentry4.o
        60          8          0          0          0          0   __scatter.o
        28          0          0          0          0          0   __scatter_zi.o
       346          0          0          0          0         92   aeabi_sdiv.o
        16          0          0          0          0         68   exit.o
         6          0          0          0          0        136   heapauxi.o
         0          0          0          0          0          0   indicate_semi.o
         2          0          0          0          0          0   libinit.o
         2          0          0          0          0          0   libinit2.o
         2          0          0          0          0          0   libshutdown.o
         2          0          0          0          0          0   libshutdown2.o
         8          4          0          0         96         68   libspace.o
       112          0          0          0          0         72   llsdiv.o
       258          0          0          0          0         88   lludiv.o
        64          0          0          0          0        108   rt_memclr.o
       186          0          0          0          0        144   rt_memcpy.o
         2          0          0          0          0          0   rtexit.o
        10          0          0          0          0          0   rtexit2.o
        24          0          0          0          0         60   strcat.o
        76          6          0          0          0         72   strcpy.o
        12          4          0          0          0         60   sys_exit.o
        62          0          0          0          0         80   sys_stackheap_outer.o
         2          0          0          0          0         68   use_no_semi.o
        46          0          0          0          0         60   cmpret.o
       124          4          0          0          0         72   d2f.o
       856         20          0          0          0        208   daddsub.o
      1096         26        128          0          0        112   ddiv.o
       108         10          0          0          0         72   dfixi.o
        72          4          0          0          0         68   dfixui.o
        88          0          0          0          0         92   dflti.o
       584         26          0          0          0         84   dmul.o
        96         12          0          0          0         72   dscalbn.o
        84          4          0          0          0         60   f2d.o
       372          8          0          0          0        240   faddsub.o
       100          4          0          0          0         68   fcmpin.o
       352         10         64          0          0         92   fdiv.o
        84          4          0          0          0         76   feqf.o
        76          0          0          0          0         68   ffixi.o
        48          0          0          0          0         60   ffixui.o
        94          0          0          0          0         92   fflti.o
       176          4          0          0          0         80   fmul.o
        16          6          0          0          0         68   fnan2.o
        88          4          0          0          0         76   frlef.o
        94          0          0          0          0         68   retnan.o
         0          0          0          0          0          0   usenofp.o

    ----------------------------------------------------------------------
      6056        168        194          0        100       3072   Library Totals
        10          0          2          0          4          0   (incl. Padding)

    ----------------------------------------------------------------------

      Code (inc. data)   RO Data    RW Data    ZI Data      Debug   Library Name

      1392         22          0          0         96       1184   c_p.l
      4654        146        192          0          0       1888   fz_ps.l

    ----------------------------------------------------------------------
      6056        168        194          0        100       3072   Library Totals

    ----------------------------------------------------------------------

==============================================================================


      Code (inc. data)   RO Data    RW Data    ZI Data      Debug   

     22680       1560        668        572       6324     661533   Grand Totals
     22680       1560        668        132       6324     661533   ELF Image Totals (compressed)
     22680       1560        668        132          0          0   ROM Totals

==============================================================================

    Total RO  Size (Code + RO Data)                23348 (  22.80kB)
    Total RW  Size (RW Data + ZI Data)              6896 (   6.73kB)
    Total ROM Size (Code + RO Data + RW Data)      23480 (  22.93kB)

==============================================================================

