<html>
<body>
<pre>
<h1>µVision Build Log</h1>
<h2>Tool Versions:</h2>
IDE-Version: µVision V5.29.0.0
Copyright (C) 2019 ARM Ltd and ARM Germany GmbH. All rights reserved.
License Information: Yuyun Liu, itec, LIC=BDA0P-M6QQI-CAUV5-UA8TV-3FT8E-5DIH8
 
Tool Versions:
Toolchain:       MDK-ARM Cortex-M0/M0+ for ST  Version: 5.29.0.0
Toolchain Path:  C:\Keil_v5\ARM\ARMCC\Bin
C Compiler:      Armcc.exe V5.06 update 6 (build 750)
Assembler:       Armasm.exe V5.06 update 6 (build 750)
Linker/Locator:  ArmLink.exe V5.06 update 6 (build 750)
Library Manager: ArmAr.exe V5.06 update 6 (build 750)
Hex Converter:   FromElf.exe V5.06 update 6 (build 750)
CPU DLL:         SARMCM3.DLL V5.29.0.0
Dialog DLL:      DARMCM1.DLL V1.19.2.0
Target DLL:      STLink\ST-LINKIII-KEIL_SWO.dll V3.0.7.0
Dialog DLL:      TARMCM1.DLL V1.14.1.0
 
<h2>Project:</h2>
C:\Users\liuyuyun\Desktop\LOGI_TRACKING_MACHINE\Logitech_Tracking_Machine\MDK-ARM\Logitech_Tracking_Machine.uvprojx
Project File Date:  02/20/2024

<h2>Output:</h2>
*** Using Compiler 'V5.06 update 6 (build 750)', folder: 'C:\Keil_v5\ARM\ARMCC\Bin'
Rebuild target 'Logitech_Tracking_Machine'
assembling startup_stm32f072xb.s...
compiling stm32f0xx_it.c...
compiling stm32f0xx_hal_msp.c...
compiling main.c...
../Inc/msg_queue.h(50): warning:  #1295-D: Deprecated declaration MSG_InitializeQeueue - give arg types
  void MSG_InitializeQeueue();
../Inc/msg_queue.h(52): warning:  #1295-D: Deprecated declaration msg_GetRXQData - give arg types
  MSG_RX_BUFFER msg_GetRXQData();
../Inc/msg_queue.h(62): warning:  #1-D: last line of file ends without a newline
  #endif
../Inc/uart.h(27): warning:  #1295-D: Deprecated declaration ChangeInchPerSecond - give arg types
  void ChangeInchPerSecond();
../Inc/utility.h(8): warning:  #1-D: last line of file ends without a newline
  #endif
../Inc/hmi.h(16): warning:  #1295-D: Deprecated declaration EnterInit_Page - give arg types
  void EnterInit_Page();
../Inc/hmi.h(17): warning:  #1295-D: Deprecated declaration EnterMain_Page - give arg types
  void EnterMain_Page();
../Inc/hmi.h(21): warning:  #1-D: last line of file ends without a newline
  #endif
../Inc/ui.h(30): warning:  #1295-D: Deprecated declaration Indicate_Execution_Time - give arg types
  void Indicate_Execution_Time();
../Src/main.c(127): warning:  #1295-D: Deprecated declaration Main_Loop_Task_Dispatcher - give arg types
  void Main_Loop_Task_Dispatcher();
../Src/main.c(135): warning:  #1295-D: Deprecated declaration Compute_Actual_Movement - give arg types
  void Compute_Actual_Movement();
../Src/main.c(136): warning:  #1295-D: Deprecated declaration Auto_Mode - give arg types
  void Auto_Mode();
../Src/main.c(850): warning:  #177-D: variable "_acc"  was declared but never referenced
  	float _acc = acc;
../Src/main.c(1074): warning:  #188-D: enumerated type mixed with another type
  					HAL_GPIO_WritePin(m2_pulse.Group, m2_pulse.Pin, m2.motor_motion_start_cnt % 2);
../Src/main.c(491): warning:  #177-D: function "MX_TIM14_Init"  was declared but never referenced
  static void MX_TIM14_Init(void)
../Src/main.c: 15 warnings, 0 errors
compiling gpio.c...
compiling msg_queue.c...
../Inc/msg_queue.h(50): warning:  #1295-D: Deprecated declaration MSG_InitializeQeueue - give arg types
  void MSG_InitializeQeueue();
../Inc/msg_queue.h(52): warning:  #1295-D: Deprecated declaration msg_GetRXQData - give arg types
  MSG_RX_BUFFER msg_GetRXQData();
../Inc/msg_queue.h(62): warning:  #1-D: last line of file ends without a newline
  #endif
..\Src\msg_queue.c(235): warning:  #1-D: last line of file ends without a newline
  }
..\Src\msg_queue.c(7): warning:  #550-D: variable "hmi_txLen"  was set but never used
  static MSG_QUEUE_LEN* hmi_txLen;
..\Src\msg_queue.c(8): warning:  #550-D: variable "hmi_rxLen"  was set but never used
  static MSG_QUEUE_LEN* hmi_rxLen;
..\Src\msg_queue.c(12): warning:  #550-D: variable "dev_txLen"  was set but never used
  static MSG_QUEUE_LEN* dev_txLen;
..\Src\msg_queue.c(13): warning:  #550-D: variable "dev_rxLen"  was set but never used
  static MSG_QUEUE_LEN* dev_rxLen;
..\Src\msg_queue.c(18): warning:  #177-D: variable "md_txLen"  was declared but never referenced
  static MSG_QUEUE_LEN* md_txLen;
..\Src\msg_queue.c(19): warning:  #177-D: variable "md_rxLen"  was declared but never referenced
  static MSG_QUEUE_LEN* md_rxLen;
..\Src\msg_queue.c: 10 warnings, 0 errors
compiling uart.c...
../Inc/uart.h(27): warning:  #1295-D: Deprecated declaration ChangeInchPerSecond - give arg types
  void ChangeInchPerSecond();
../Inc/msg_queue.h(50): warning:  #1295-D: Deprecated declaration MSG_InitializeQeueue - give arg types
  void MSG_InitializeQeueue();
../Inc/msg_queue.h(52): warning:  #1295-D: Deprecated declaration msg_GetRXQData - give arg types
  MSG_RX_BUFFER msg_GetRXQData();
../Inc/msg_queue.h(62): warning:  #1-D: last line of file ends without a newline
  #endif
..\Src\uart.c(195): warning:  #177-D: variable "crc"  was declared but never referenced
  		uint16_t crc = 0;
..\Src\uart.c(248): warning:  #177-D: variable "crc"  was declared but never referenced
  		uint16_t crc = 0;
..\Src\uart.c: 6 warnings, 0 errors
compiling utility.c...
../Inc/utility.h(8): warning:  #1-D: last line of file ends without a newline
  #endif
..\Src\utility.c(116): warning:  #1-D: last line of file ends without a newline
  }
..\Src\utility.c: 2 warnings, 0 errors
compiling hmi.c...
../Inc/msg_queue.h(50): warning:  #1295-D: Deprecated declaration MSG_InitializeQeueue - give arg types
  void MSG_InitializeQeueue();
../Inc/msg_queue.h(52): warning:  #1295-D: Deprecated declaration msg_GetRXQData - give arg types
  MSG_RX_BUFFER msg_GetRXQData();
../Inc/msg_queue.h(62): warning:  #1-D: last line of file ends without a newline
  #endif
../Inc/uart.h(27): warning:  #1295-D: Deprecated declaration ChangeInchPerSecond - give arg types
  void ChangeInchPerSecond();
../Inc/utility.h(8): warning:  #1-D: last line of file ends without a newline
  #endif
../Inc/hmi.h(16): warning:  #1295-D: Deprecated declaration EnterInit_Page - give arg types
  void EnterInit_Page();
../Inc/hmi.h(17): warning:  #1295-D: Deprecated declaration EnterMain_Page - give arg types
  void EnterMain_Page();
../Inc/hmi.h(21): warning:  #1-D: last line of file ends without a newline
  #endif
../Inc/ui.h(30): warning:  #1295-D: Deprecated declaration Indicate_Execution_Time - give arg types
  void Indicate_Execution_Time();
..\Src\hmi.c(113): warning:  #111-D: statement is unreachable
  			break;
..\Src\hmi.c(184): warning:  #111-D: statement is unreachable
  			break;
..\Src\hmi.c(11): warning:  #177-D: variable "cLmsg"  was declared but never referenced
  static char cLmsg[50];
..\Src\hmi.c: 12 warnings, 0 errors
compiling ui.c...
../Inc/uart.h(27): warning:  #1295-D: Deprecated declaration ChangeInchPerSecond - give arg types
  void ChangeInchPerSecond();
../Inc/ui.h(30): warning:  #1295-D: Deprecated declaration Indicate_Execution_Time - give arg types
  void Indicate_Execution_Time();
../Inc/msg_queue.h(50): warning:  #1295-D: Deprecated declaration MSG_InitializeQeueue - give arg types
  void MSG_InitializeQeueue();
../Inc/msg_queue.h(52): warning:  #1295-D: Deprecated declaration msg_GetRXQData - give arg types
  MSG_RX_BUFFER msg_GetRXQData();
../Inc/msg_queue.h(62): warning:  #1-D: last line of file ends without a newline
  #endif
../Inc/utility.h(8): warning:  #1-D: last line of file ends without a newline
  #endif
../Inc/hmi.h(16): warning:  #1295-D: Deprecated declaration EnterInit_Page - give arg types
  void EnterInit_Page();
../Inc/hmi.h(17): warning:  #1295-D: Deprecated declaration EnterMain_Page - give arg types
  void EnterMain_Page();
../Inc/hmi.h(21): warning:  #1-D: last line of file ends without a newline
  #endif
..\Src\ui.c(238): warning:  #111-D: statement is unreachable
  						break;
..\Src\ui.c(241): warning:  #111-D: statement is unreachable
  						break;
..\Src\ui.c(196): warning:  #177-D: variable "tmpParameter_address"  was declared but never referenced
  		uint16_t tmpParameter_address;
..\Src\ui.c(292): warning:  #111-D: statement is unreachable
  						break;
..\Src\ui.c(264): warning:  #177-D: variable "tmpParameter_address"  was declared but never referenced
  		uint16_t tmpParameter_address;
..\Src\ui.c(343): warning:  #111-D: statement is unreachable
  						break;
..\Src\ui.c(315): warning:  #177-D: variable "tmpParameter_address"  was declared but never referenced
  		uint16_t tmpParameter_address;
..\Src\ui.c(394): warning:  #111-D: statement is unreachable
  						break;
..\Src\ui.c(366): warning:  #177-D: variable "tmpParameter_address"  was declared but never referenced
  		uint16_t tmpParameter_address;
..\Src\ui.c: 18 warnings, 0 errors
compiling stm32f0xx_ll_usb.c...
compiling stm32f0xx_hal_adc_ex.c...
compiling stm32f0xx_hal_adc.c...
compiling stm32f0xx_hal_rcc.c...
compiling stm32f0xx_hal.c...
compiling stm32f0xx_hal_rcc_ex.c...
compiling stm32f0xx_hal_i2c.c...
compiling stm32f0xx_hal_i2c_ex.c...
compiling stm32f0xx_hal_gpio.c...
compiling stm32f0xx_hal_dma.c...
compiling stm32f0xx_hal_cortex.c...
compiling stm32f0xx_hal_pwr.c...
compiling stm32f0xx_hal_pwr_ex.c...
compiling stm32f0xx_hal_flash.c...
compiling stm32f0xx_hal_flash_ex.c...
compiling stm32f0xx_hal_exti.c...
compiling stm32f0xx_hal_tim_ex.c...
compiling stm32f0xx_hal_tim.c...
compiling stm32f0xx_hal_uart.c...
compiling stm32f0xx_hal_uart_ex.c...
compiling stm32f0xx_hal_pcd.c...
compiling stm32f0xx_hal_pcd_ex.c...
compiling system_stm32f0xx.c...
linking...
Program Size: Code=22680 RO-data=668 RW-data=572 ZI-data=6324  
FromELF: creating hex file...
"Logitech_Tracking_Machine\Logitech_Tracking_Machine.axf" - 0 Error(s), 63 Warning(s).

<h2>Software Packages used:</h2>

Package Vendor: ARM
                http://www.keil.com/pack/ARM.CMSIS.5.7.0.pack
                ARM.CMSIS.5.7.0
                CMSIS (Cortex Microcontroller Software Interface Standard)
   * Component: CORE Version: 5.4.0

Package Vendor: Keil
                http://www.keil.com/pack/Keil.STM32F0xx_DFP.2.1.0.pack
                Keil.STM32F0xx_DFP.2.1.0
                STMicroelectronics STM32F0 Series Device Support, Drivers and Examples

<h2>Collection of Component include folders:</h2>
  .\RTE\_Logitech_Tracking_Machine
  C:\Users\liuyuyun\AppData\Local\Arm\Packs\ARM\CMSIS\5.7.0\CMSIS\Core\Include
  C:\Users\liuyuyun\AppData\Local\Arm\Packs\Keil\STM32F0xx_DFP\2.1.0\Drivers\CMSIS\Device\ST\STM32F0xx\Include

<h2>Collection of Component Files used:</h2>

   * Component: ARM::CMSIS:CORE:5.4.0
Build Time Elapsed:  00:00:40
</pre>
</body>
</html>
